Archive member included to satisfy reference by file (symbol)

D:/STM32CubeIDE_1.17.0/STM32CubeIDE/plugins/com.st.stm32cube.ide.mcu.externaltools.gnu-tools-for-stm32.13.3.rel1.win32_1.0.0.202411081344/tools/bin/../lib/gcc/arm-none-eabi/13.3.1/../../../../arm-none-eabi/lib/thumb/v7e-m+fp/hard\libc_nano.a(libc_a-exit.o)
                              D:/STM32CubeIDE_1.17.0/STM32CubeIDE/plugins/com.st.stm32cube.ide.mcu.externaltools.gnu-tools-for-stm32.13.3.rel1.win32_1.0.0.202411081344/tools/bin/../lib/gcc/arm-none-eabi/13.3.1/../../../../arm-none-eabi/lib/thumb/v7e-m+fp/hard/crt0.o (exit)
D:/STM32CubeIDE_1.17.0/STM32CubeIDE/plugins/com.st.stm32cube.ide.mcu.externaltools.gnu-tools-for-stm32.13.3.rel1.win32_1.0.0.202411081344/tools/bin/../lib/gcc/arm-none-eabi/13.3.1/../../../../arm-none-eabi/lib/thumb/v7e-m+fp/hard\libc_nano.a(libc_a-findfp.o)
                              D:/STM32CubeIDE_1.17.0/STM32CubeIDE/plugins/com.st.stm32cube.ide.mcu.externaltools.gnu-tools-for-stm32.13.3.rel1.win32_1.0.0.202411081344/tools/bin/../lib/gcc/arm-none-eabi/13.3.1/../../../../arm-none-eabi/lib/thumb/v7e-m+fp/hard\libc_nano.a(libc_a-exit.o) (__stdio_exit_handler)
D:/STM32CubeIDE_1.17.0/STM32CubeIDE/plugins/com.st.stm32cube.ide.mcu.externaltools.gnu-tools-for-stm32.13.3.rel1.win32_1.0.0.202411081344/tools/bin/../lib/gcc/arm-none-eabi/13.3.1/../../../../arm-none-eabi/lib/thumb/v7e-m+fp/hard\libc_nano.a(libc_a-fwalk.o)
                              D:/STM32CubeIDE_1.17.0/STM32CubeIDE/plugins/com.st.stm32cube.ide.mcu.externaltools.gnu-tools-for-stm32.13.3.rel1.win32_1.0.0.202411081344/tools/bin/../lib/gcc/arm-none-eabi/13.3.1/../../../../arm-none-eabi/lib/thumb/v7e-m+fp/hard\libc_nano.a(libc_a-findfp.o) (_fwalk_sglue)
D:/STM32CubeIDE_1.17.0/STM32CubeIDE/plugins/com.st.stm32cube.ide.mcu.externaltools.gnu-tools-for-stm32.13.3.rel1.win32_1.0.0.202411081344/tools/bin/../lib/gcc/arm-none-eabi/13.3.1/../../../../arm-none-eabi/lib/thumb/v7e-m+fp/hard\libc_nano.a(libc_a-stdio.o)
                              D:/STM32CubeIDE_1.17.0/STM32CubeIDE/plugins/com.st.stm32cube.ide.mcu.externaltools.gnu-tools-for-stm32.13.3.rel1.win32_1.0.0.202411081344/tools/bin/../lib/gcc/arm-none-eabi/13.3.1/../../../../arm-none-eabi/lib/thumb/v7e-m+fp/hard\libc_nano.a(libc_a-findfp.o) (__sread)
D:/STM32CubeIDE_1.17.0/STM32CubeIDE/plugins/com.st.stm32cube.ide.mcu.externaltools.gnu-tools-for-stm32.13.3.rel1.win32_1.0.0.202411081344/tools/bin/../lib/gcc/arm-none-eabi/13.3.1/../../../../arm-none-eabi/lib/thumb/v7e-m+fp/hard\libc_nano.a(libc_a-memset.o)
                              D:/STM32CubeIDE_1.17.0/STM32CubeIDE/plugins/com.st.stm32cube.ide.mcu.externaltools.gnu-tools-for-stm32.13.3.rel1.win32_1.0.0.202411081344/tools/bin/../lib/gcc/arm-none-eabi/13.3.1/../../../../arm-none-eabi/lib/thumb/v7e-m+fp/hard/crt0.o (memset)
D:/STM32CubeIDE_1.17.0/STM32CubeIDE/plugins/com.st.stm32cube.ide.mcu.externaltools.gnu-tools-for-stm32.13.3.rel1.win32_1.0.0.202411081344/tools/bin/../lib/gcc/arm-none-eabi/13.3.1/../../../../arm-none-eabi/lib/thumb/v7e-m+fp/hard\libc_nano.a(libc_a-closer.o)
                              D:/STM32CubeIDE_1.17.0/STM32CubeIDE/plugins/com.st.stm32cube.ide.mcu.externaltools.gnu-tools-for-stm32.13.3.rel1.win32_1.0.0.202411081344/tools/bin/../lib/gcc/arm-none-eabi/13.3.1/../../../../arm-none-eabi/lib/thumb/v7e-m+fp/hard\libc_nano.a(libc_a-stdio.o) (_close_r)
D:/STM32CubeIDE_1.17.0/STM32CubeIDE/plugins/com.st.stm32cube.ide.mcu.externaltools.gnu-tools-for-stm32.13.3.rel1.win32_1.0.0.202411081344/tools/bin/../lib/gcc/arm-none-eabi/13.3.1/../../../../arm-none-eabi/lib/thumb/v7e-m+fp/hard\libc_nano.a(libc_a-reent.o)
                              D:/STM32CubeIDE_1.17.0/STM32CubeIDE/plugins/com.st.stm32cube.ide.mcu.externaltools.gnu-tools-for-stm32.13.3.rel1.win32_1.0.0.202411081344/tools/bin/../lib/gcc/arm-none-eabi/13.3.1/../../../../arm-none-eabi/lib/thumb/v7e-m+fp/hard\libc_nano.a(libc_a-closer.o) (errno)
D:/STM32CubeIDE_1.17.0/STM32CubeIDE/plugins/com.st.stm32cube.ide.mcu.externaltools.gnu-tools-for-stm32.13.3.rel1.win32_1.0.0.202411081344/tools/bin/../lib/gcc/arm-none-eabi/13.3.1/../../../../arm-none-eabi/lib/thumb/v7e-m+fp/hard\libc_nano.a(libc_a-impure.o)
                              D:/STM32CubeIDE_1.17.0/STM32CubeIDE/plugins/com.st.stm32cube.ide.mcu.externaltools.gnu-tools-for-stm32.13.3.rel1.win32_1.0.0.202411081344/tools/bin/../lib/gcc/arm-none-eabi/13.3.1/../../../../arm-none-eabi/lib/thumb/v7e-m+fp/hard\libc_nano.a(libc_a-reent.o) (_impure_ptr)
D:/STM32CubeIDE_1.17.0/STM32CubeIDE/plugins/com.st.stm32cube.ide.mcu.externaltools.gnu-tools-for-stm32.13.3.rel1.win32_1.0.0.202411081344/tools/bin/../lib/gcc/arm-none-eabi/13.3.1/../../../../arm-none-eabi/lib/thumb/v7e-m+fp/hard\libc_nano.a(libc_a-lseekr.o)
[...]
Memory Configuration

Name             Origin             Length             Attributes
RAM              0x20000000         0x00040000         xrw
RAM2             0x10000000         0x00010000         xrw
FLASH            0x08000000         0x00100000         xr
*default*        0x00000000         0xffffffff

Linker script and memory map

LOAD D:/STM32CubeIDE_1.17.0/STM32CubeIDE/plugins/com.st.stm32cube.ide.mcu.externaltools.gnu-tools-for-stm32.13.3.rel1.win32_1.0.0.202411081344/tools/bin/../lib/gcc/arm-none-eabi/13.3.1/thumb/v7e-m+fp/hard/crti.o
LOAD D:/STM32CubeIDE_1.17.0/STM32CubeIDE/plugins/com.st.stm32cube.ide.mcu.externaltools.gnu-tools-for-stm32.13.3.rel1.win32_1.0.0.202411081344/tools/bin/../lib/gcc/arm-none-eabi/13.3.1/thumb/v7e-m+fp/hard/crtbegin.o
LOAD D:/STM32CubeIDE_1.17.0/STM32CubeIDE/plugins/com.st.stm32cube.ide.mcu.externaltools.gnu-tools-for-stm32.13.3.rel1.win32_1.0.0.202411081344/tools/bin/../lib/gcc/arm-none-eabi/13.3.1/../../../../arm-none-eabi/lib/thumb/v7e-m+fp/hard/crt0.o
LOAD ./Core/Src/freertos.o
LOAD ./Core/Src/gpio.o
LOAD ./Core/Src/main.o
LOAD ./Core/Src/stm32l4xx_hal_msp.o
LOAD ./Core/Src/stm32l4xx_hal_timebase_tim.o
LOAD ./Core/Src/stm32l4xx_it.o
LOAD ./Core/Src/syscalls.o
LOAD ./Core/Src/sysmem.o
LOAD ./Core/Src/system_stm32l4xx.o
LOAD ./Core/Src/usart.o
LOAD ./Core/Startup/startup_stm32l496rgtx.o
LOAD ./Drivers/STM32L4xx_HAL_Driver/Src/stm32l4xx_hal.o
LOAD ./Drivers/STM32L4xx_HAL_Driver/Src/stm32l4xx_hal_cortex.o
LOAD ./Drivers/STM32L4xx_HAL_Driver/Src/stm32l4xx_hal_dma.o
LOAD ./Drivers/STM32L4xx_HAL_Driver/Src/stm32l4xx_hal_dma_ex.o
LOAD ./Drivers/STM32L4xx_HAL_Driver/Src/stm32l4xx_hal_exti.o
LOAD ./Drivers/STM32L4xx_HAL_Driver/Src/stm32l4xx_hal_flash.o
LOAD ./Drivers/STM32L4xx_HAL_Driver/Src/stm32l4xx_hal_flash_ex.o
LOAD ./Drivers/STM32L4xx_HAL_Driver/Src/stm32l4xx_hal_flash_ramfunc.o
LOAD ./Drivers/STM32L4xx_HAL_Driver/Src/stm32l4xx_hal_gpio.o
LOAD ./Drivers/STM32L4xx_HAL_Driver/Src/stm32l4xx_hal_i2c.o
LOAD ./Drivers/STM32L4xx_HAL_Driver/Src/stm32l4xx_hal_i2c_ex.o
LOAD ./Drivers/STM32L4xx_HAL_Driver/Src/stm32l4xx_hal_pwr.o
LOAD ./Drivers/STM32L4xx_HAL_Driver/Src/stm32l4xx_hal_pwr_ex.o
LOAD ./Drivers/STM32L4xx_HAL_Driver/Src/stm32l4xx_hal_rcc.o
LOAD ./Drivers/STM32L4xx_HAL_Driver/Src/stm32l4xx_hal_rcc_ex.o
LOAD ./Drivers/STM32L4xx_HAL_Driver/Src/stm32l4xx_hal_tim.o
LOAD ./Drivers/STM32L4xx_HAL_Driver/Src/stm32l4xx_hal_tim_ex.o
LOAD ./Drivers/STM32L4xx_HAL_Driver/Src/stm32l4xx_ll_dma.o
LOAD ./Drivers/STM32L4xx_HAL_Driver/Src/stm32l4xx_ll_exti.o
LOAD ./Drivers/STM32L4xx_HAL_Driver/Src/stm32l4xx_ll_gpio.o
LOAD ./Drivers/STM32L4xx_HAL_Driver/Src/stm32l4xx_ll_rcc.o
LOAD ./Drivers/STM32L4xx_HAL_Driver/Src/stm32l4xx_ll_usart.o
LOAD ./Drivers/STM32L4xx_HAL_Driver/Src/stm32l4xx_ll_utils.o
LOAD ./Middlewares/Third_Party/FreeRTOS/Source/CMSIS_RTOS_V2/cmsis_os2.o
LOAD ./Middlewares/Third_Party/FreeRTOS/Source/croutine.o
LOAD ./Middlewares/Third_Party/FreeRTOS/Source/event_groups.o
LOAD ./Middlewares/Third_Party/FreeRTOS/Source/list.o
LOAD ./Middlewares/Third_Party/FreeRTOS/Source/queue.o
LOAD ./Middlewares/Third_Party/FreeRTOS/Source/stream_buffer.o
LOAD ./Middlewares/Third_Party/FreeRTOS/Source/tasks.o
LOAD ./Middlewares/Third_Party/FreeRTOS/Source/timers.o
LOAD ./Middlewares/Third_Party/FreeRTOS/Source/portable/GCC/ARM_CM4F/port.o
LOAD ./Middlewares/Third_Party/FreeRTOS/Source/portable/MemMang/heap_4.o
START GROUP
LOAD D:/STM32CubeIDE_1.17.0/STM32CubeIDE/plugins/com.st.stm32cube.ide.mcu.externaltools.gnu-tools-for-stm32.13.3.rel1.win32_1.0.0.202411081344/tools/bin/../lib/gcc/arm-none-eabi/13.3.1/../../../../arm-none-eabi/lib/thumb/v7e-m+fp/hard\libc_nano.a
LOAD D:/STM32CubeIDE_1.17.0/STM32CubeIDE/plugins/com.st.stm32cube.ide.mcu.externaltools.gnu-tools-for-stm32.13.3.rel1.win32_1.0.0.202411081344/tools/bin/../lib/gcc/arm-none-eabi/13.3.1/../../../../arm-none-eabi/lib/thumb/v7e-m+fp/hard\libm.a
END GROUP
START GROUP
LOAD D:/STM32CubeIDE_1.17.0/STM32CubeIDE/plugins/com.st.stm32cube.ide.mcu.externaltools.gnu-tools-for-stm32.13.3.rel1.win32_1.0.0.202411081344/tools/bin/../lib/gcc/arm-none-eabi/13.3.1/thumb/v7e-m+fp/hard\libgcc.a
LOAD D:/STM32CubeIDE_1.17.0/STM32CubeIDE/plugins/com.st.stm32cube.ide.mcu.externaltools.gnu-tools-for-stm32.13.3.rel1.win32_1.0.0.202411081344/tools/bin/../lib/gcc/arm-none-eabi/13.3.1/../../../../arm-none-eabi/lib/thumb/v7e-m+fp/hard\libc_nano.a
END GROUP
START GROUP
LOAD D:/STM32CubeIDE_1.17.0/STM32CubeIDE/plugins/com.st.stm32cube.ide.mcu.externaltools.gnu-tools-for-stm32.13.3.rel1.win32_1.0.0.202411081344/tools/bin/../lib/gcc/arm-none-eabi/13.3.1/thumb/v7e-m+fp/hard\libgcc.a
LOAD D:/STM32CubeIDE_1.17.0/STM32CubeIDE/plugins/com.st.stm32cube.ide.mcu.externaltools.gnu-tools-for-stm32.13.3.rel1.win32_1.0.0.202411081344/tools/bin/../lib/gcc/arm-none-eabi/13.3.1/../../../../arm-none-eabi/lib/thumb/v7e-m+fp/hard\libc_nano.a
LOAD D:/STM32CubeIDE_1.17.0/STM32CubeIDE/plugins/com.st.stm32cube.ide.mcu.externaltools.gnu-tools-for-stm32.13.3.rel1.win32_1.0.0.202411081344/tools/bin/../lib/gcc/arm-none-eabi/13.3.1/../../../../arm-none-eabi/lib/thumb/v7e-m+fp/hard\libnosys.a
END GROUP
START GROUP
LOAD D:/STM32CubeIDE_1.17.0/STM32CubeIDE/plugins/com.st.stm32cube.ide.mcu.externaltools.gnu-tools-for-stm32.13.3.rel1.win32_1.0.0.202411081344/tools/bin/../lib/gcc/arm-none-eabi/13.3.1/thumb/v7e-m+fp/hard\libgcc.a
LOAD D:/STM32CubeIDE_1.17.0/STM32CubeIDE/plugins/com.st.stm32cube.ide.mcu.externaltools.gnu-tools-for-stm32.13.3.rel1.win32_1.0.0.202411081344/tools/bin/../lib/gcc/arm-none-eabi/13.3.1/../../../../arm-none-eabi/lib/thumb/v7e-m+fp/hard\libc_nano.a
LOAD D:/STM32CubeIDE_1.17.0/STM32CubeIDE/plugins/com.st.stm32cube.ide.mcu.externaltools.gnu-tools-for-stm32.13.3.rel1.win32_1.0.0.202411081344/tools/bin/../lib/gcc/arm-none-eabi/13.3.1/../../../../arm-none-eabi/lib/thumb/v7e-m+fp/hard\libnosys.a
END GROUP
LOAD D:/STM32CubeIDE_1.17.0/STM32CubeIDE/plugins/com.st.stm32cube.ide.mcu.externaltools.gnu-tools-for-stm32.13.3.rel1.win32_1.0.0.202411081344/tools/bin/../lib/gcc/arm-none-eabi/13.3.1/thumb/v7e-m+fp/hard/crtend.o
LOAD D:/STM32CubeIDE_1.17.0/STM32CubeIDE/plugins/com.st.stm32cube.ide.mcu.externaltools.gnu-tools-for-stm32.13.3.rel1.win32_1.0.0.202411081344/tools/bin/../lib/gcc/arm-none-eabi/13.3.1/thumb/v7e-m+fp/hard/crtn.o
                0x20040000                        _estack = (ORIGIN (RAM) + LENGTH (RAM))
                0x00000200                        _Min_Heap_Size = 0x200
                0x00000400                        _Min_Stack_Size = 0x400

.isr_vector     0x08000000      0x1ac
                0x08000000                        . = ALIGN (0x4)
 *(.isr_vector)
 .isr_vector    0x08000000      0x1ac ./Core/Startup/startup_stm32l496rgtx.o
                0x08000000                g_pfnVectors
                0x080001ac                        . = ALIGN (0x4)

.text           0x080001b0     0x53f4
                0x080001b0                        . = ALIGN (0x4)
 *(.text)
 .text          0x080001b0       0x40 D:/STM32CubeIDE_1.17.0/STM32CubeIDE/plugins/com.st.stm32cube.ide.mcu.externaltools.gnu-tools-for-stm32.13.3.rel1.win32_1.0.0.202411081344/tools/bin/../lib/gcc/arm-none-eabi/13.3.1/thumb/v7e-m+fp/hard/crtbegin.o
 .text          0x080001f0       0x14 D:/STM32CubeIDE_1.17.0/STM32CubeIDE/plugins/com.st.stm32cube.ide.mcu.externaltools.gnu-tools-for-stm32.13.3.rel1.win32_1.0.0.202411081344/tools/bin/../lib/gcc/arm-none-eabi/13.3.1/../../../../arm-none-eabi/lib/thumb/v7e-m+fp/hard\libc_nano.a(libc_a-strcmp.o)
                0x080001f0                strcmp
 *(.text*)
 .text.LL_GPIO_TogglePin
                0x08000204       0x32 ./Core/Src/freertos.o
 *fill*         0x08000236        0x2 
 .text.MX_FREERTOS_Init
                0x08000238       0x54 ./Core/Src/freertos.o
                0x08000238                MX_FREERTOS_Init
 .text.StartDefaultTask
                0x0800028c       0x34 ./Core/Src/freertos.o
                0x0800028c                StartDefaultTask
 .text.Usart_data_parse
                0x080002c0       0xc4 ./Core/Src/freertos.o
                0x080002c0                Usart_data_parse
 .text.UartParseTask
                0x08000384       0x48 ./Core/Src/freertos.o
                0x08000384                UartParseTask
 .text.LL_AHB2_GRP1_EnableClock
                0x080003cc       0x30 ./Core/Src/gpio.o
 .text.LL_GPIO_ResetOutputPin
                0x080003fc       0x1c ./Core/Src/gpio.o
 .text.MX_GPIO_Init
                0x08000418       0x60 ./Core/Src/gpio.o
                0x08000418                MX_GPIO_Init
 .text.LL_RCC_HSE_Enable
                0x08000478       0x20 ./Core/Src/main.o
 .text.LL_RCC_HSE_IsReady
                0x08000498       0x28 ./Core/Src/main.o
 .text.LL_RCC_SetSysClkSource
                0x080004c0       0x28 ./Core/Src/main.o
 .text.LL_RCC_GetSysClkSource
                0x080004e8       0x1c ./Core/Src/main.o
 .text.LL_RCC_SetAHBPrescaler
                0x08000504       0x28 ./Core/Src/main.o
 .text.LL_RCC_SetAPB1Prescaler
                0x0800052c       0x28 ./Core/Src/main.o
 .text.LL_RCC_SetAPB2Prescaler
                0x08000554       0x28 ./Core/Src/main.o
 .text.LL_RCC_PLL_Enable
                0x0800057c       0x20 ./Core/Src/main.o
 .text.LL_RCC_PLL_IsReady
                0x0800059c       0x28 ./Core/Src/main.o
 .text.LL_RCC_PLL_ConfigDomain_SYS
                0x080005c4       0x40 ./Core/Src/main.o
 .text.LL_RCC_PLL_EnableDomain_SYS
                0x08000604       0x20 ./Core/Src/main.o
 .text.LL_FLASH_SetLatency
                0x08000624       0x28 ./Core/Src/main.o
 .text.LL_FLASH_GetLatency
                0x0800064c       0x1c ./Core/Src/main.o
 .text.LL_PWR_SetRegulVoltageScaling
                0x08000668       0x28 ./Core/Src/main.o
 .text.LL_PWR_IsActiveFlag_VOS
                0x08000690       0x28 ./Core/Src/main.o
 .text.main     0x080006b8       0x24 ./Core/Src/main.o
                0x080006b8                main
 .text.SystemClock_Config
                0x080006dc       0x9c ./Core/Src/main.o
                0x080006dc                SystemClock_Config
 .text.HAL_TIM_PeriodElapsedCallback
                0x08000778       0x24 ./Core/Src/main.o
                0x08000778                HAL_TIM_PeriodElapsedCallback
 .text.Error_Handler
                0x0800079c        0xc ./Core/Src/main.o
                0x0800079c                Error_Handler
 .text.HAL_MspInit
                0x080007a8       0x50 ./Core/Src/stm32l4xx_hal_msp.o
                0x080007a8                HAL_MspInit
 .text.HAL_InitTick
                0x080007f8       0xdc ./Core/Src/stm32l4xx_hal_timebase_tim.o
                0x080007f8                HAL_InitTick
 .text.LL_USART_IsActiveFlag_IDLE
                0x080008d4       0x26 ./Core/Src/stm32l4xx_it.o
 .text.LL_USART_IsActiveFlag_RXNE
                0x080008fa       0x26 ./Core/Src/stm32l4xx_it.o
 .text.LL_USART_IsActiveFlag_TXE
                0x08000920       0x26 ./Core/Src/stm32l4xx_it.o
 .text.LL_USART_ClearFlag_IDLE
                0x08000946       0x1a ./Core/Src/stm32l4xx_it.o
 .text.LL_USART_ReceiveData8
                0x08000960       0x1c ./Core/Src/stm32l4xx_it.o
 .text.LL_USART_TransmitData8
                0x0800097c       0x20 ./Core/Src/stm32l4xx_it.o
 .text.NMI_Handler
                0x0800099c        0x8 ./Core/Src/stm32l4xx_it.o
                0x0800099c                NMI_Handler
 .text.HardFault_Handler
                0x080009a4        0x8 ./Core/Src/stm32l4xx_it.o
                0x080009a4                HardFault_Handler
 .text.MemManage_Handler
                0x080009ac        0x8 ./Core/Src/stm32l4xx_it.o
                0x080009ac                MemManage_Handler
 .text.BusFault_Handler
                0x080009b4        0x8 ./Core/Src/stm32l4xx_it.o
                0x080009b4                BusFault_Handler
 .text.UsageFault_Handler
                0x080009bc        0x8 ./Core/Src/stm32l4xx_it.o
                0x080009bc                UsageFault_Handler
 .text.DebugMon_Handler
                0x080009c4        0xe ./Core/Src/stm32l4xx_it.o
                0x080009c4                DebugMon_Handler
 *fill*         0x080009d2        0x2 
 .text.TIM1_UP_TIM16_IRQHandler
                0x080009d4       0x14 ./Core/Src/stm32l4xx_it.o
                0x080009d4                TIM1_UP_TIM16_IRQHandler
 .text.USART1_IRQHandler
                0x080009e8       0xc0 ./Core/Src/stm32l4xx_it.o
                0x080009e8                USART1_IRQHandler
 .text.SystemInit
                0x08000aa8       0x24 ./Core/Src/system_stm32l4xx.o
                0x08000aa8                SystemInit
 .text.__NVIC_GetPriorityGrouping
                0x08000acc       0x1c ./Core/Src/usart.o
 .text.__NVIC_EnableIRQ
                0x08000ae8       0x3c ./Core/Src/usart.o
 .text.__NVIC_SetPriority
                0x08000b24       0x54 ./Core/Src/usart.o
 .text.NVIC_EncodePriority
                0x08000b78       0x66 ./Core/Src/usart.o
 *fill*         0x08000bde        0x2 
 .text.LL_RCC_SetUSARTClockSource
                0x08000be0       0x34 ./Core/Src/usart.o
 .text.LL_AHB2_GRP1_EnableClock
                0x08000c14       0x30 ./Core/Src/usart.o
 .text.LL_APB2_GRP1_EnableClock
                0x08000c44       0x30 ./Core/Src/usart.o
 .text.LL_USART_Enable
                0x08000c74       0x20 ./Core/Src/usart.o
 .text.LL_USART_ConfigAsyncMode
                0x08000c94       0x2c ./Core/Src/usart.o
 .text.LL_USART_EnableIT_IDLE
                0x08000cc0       0x42 ./Core/Src/usart.o
 .text.LL_USART_EnableIT_RXNE
                0x08000d02       0x42 ./Core/Src/usart.o
 .text.MX_USART1_UART_Init
                0x08000d44       0xd4 ./Core/Src/usart.o
                0x08000d44                MX_USART1_UART_Init
 .text.Reset_Handler
                0x08000e18       0x50 ./Core/Startup/startup_stm32l496rgtx.o
                0x08000e18                Reset_Handler
 .text.Default_Handler
                0x08000e68        0x2 ./Core/Startup/startup_stm32l496rgtx.o
                0x08000e68                RTC_Alarm_IRQHandler
                0x08000e68                EXTI2_IRQHandler
                0x08000e68                TIM8_TRG_COM_IRQHandler
                0x08000e68                TIM8_CC_IRQHandler
                0x08000e68                TIM1_CC_IRQHandler
                0x08000e68                TSC_IRQHandler
                0x08000e68                TAMP_STAMP_IRQHandler
                0x08000e68                CAN2_RX1_IRQHandler
                0x08000e68                EXTI3_IRQHandler
                0x08000e68                LPTIM2_IRQHandler
                0x08000e68                DFSDM1_FLT1_IRQHandler
                0x08000e68                I2C3_ER_IRQHandler
                0x08000e68                DFSDM1_FLT2_IRQHandler
                0x08000e68                EXTI0_IRQHandler
                0x08000e68                I2C2_EV_IRQHandler
                0x08000e68                CAN1_RX0_IRQHandler
                0x08000e68                FPU_IRQHandler
                0x08000e68                CAN2_SCE_IRQHandler
                0x08000e68                ADC1_2_IRQHandler
                0x08000e68                SPI1_IRQHandler
                0x08000e68                TIM6_DAC_IRQHandler
                0x08000e68                DCMI_IRQHandler
                0x08000e68                CAN2_RX0_IRQHandler
                0x08000e68                TIM8_UP_IRQHandler
                0x08000e68                DMA2_Channel2_IRQHandler
                0x08000e68                DMA1_Channel4_IRQHandler
                0x08000e68                SAI2_IRQHandler
                0x08000e68                DFSDM1_FLT3_IRQHandler
                0x08000e68                USART3_IRQHandler
                0x08000e68                DMA1_Channel7_IRQHandler
                0x08000e68                CAN1_RX1_IRQHandler
                0x08000e68                LCD_IRQHandler
                0x08000e68                UART5_IRQHandler
                0x08000e68                ADC3_IRQHandler
                0x08000e68                TIM4_IRQHandler
                0x08000e68                DMA2_Channel1_IRQHandler
                0x08000e68                QUADSPI_IRQHandler
                0x08000e68                I2C1_EV_IRQHandler
                0x08000e68                DMA1_Channel6_IRQHandler
                0x08000e68                UART4_IRQHandler
                0x08000e68                DMA2_Channel4_IRQHandler
                0x08000e68                TIM3_IRQHandler
                0x08000e68                RCC_IRQHandler
                0x08000e68                DMA1_Channel1_IRQHandler
                0x08000e68                Default_Handler
                0x08000e68                DMA2_Channel7_IRQHandler
                0x08000e68                EXTI15_10_IRQHandler
                0x08000e68                TIM7_IRQHandler
                0x08000e68                SDMMC1_IRQHandler
                0x08000e68                CAN2_TX_IRQHandler
                0x08000e68                TIM5_IRQHandler
                0x08000e68                I2C3_EV_IRQHandler
                0x08000e68                EXTI9_5_IRQHandler
                0x08000e68                RTC_WKUP_IRQHandler
                0x08000e68                PVD_PVM_IRQHandler
                0x08000e68                SPI2_IRQHandler
                0x08000e68                CAN1_TX_IRQHandler
                0x08000e68                DMA2_Channel5_IRQHandler
                0x08000e68                CRS_IRQHandler
                0x08000e68                DMA1_Channel5_IRQHandler
                0x08000e68                EXTI4_IRQHandler
                0x08000e68                RNG_IRQHandler
                0x08000e68                TIM1_TRG_COM_TIM17_IRQHandler
                0x08000e68                DMA1_Channel3_IRQHandler
                0x08000e68                COMP_IRQHandler
                0x08000e68                WWDG_IRQHandler
                0x08000e68                I2C4_EV_IRQHandler
                0x08000e68                LPUART1_IRQHandler
                0x08000e68                DMA2_Channel6_IRQHandler
                0x08000e68                TIM2_IRQHandler
                0x08000e68                EXTI1_IRQHandler
                0x08000e68                USART2_IRQHandler
                0x08000e68                DFSDM1_FLT0_IRQHandler
                0x08000e68                I2C2_ER_IRQHandler
                0x08000e68                DMA1_Channel2_IRQHandler
                0x08000e68                TIM8_BRK_IRQHandler
                0x08000e68                CAN1_SCE_IRQHandler
                0x08000e68                FLASH_IRQHandler
                0x08000e68                OTG_FS_IRQHandler
                0x08000e68                SPI3_IRQHandler
                0x08000e68                I2C1_ER_IRQHandler
                0x08000e68                FMC_IRQHandler
                0x08000e68                SWPMI1_IRQHandler
                0x08000e68                LPTIM1_IRQHandler
                0x08000e68                I2C4_ER_IRQHandler
                0x08000e68                SAI1_IRQHandler
                0x08000e68                DMA2_Channel3_IRQHandler
                0x08000e68                TIM1_BRK_TIM15_IRQHandler
 .text.HAL_Init
                0x08000e6a       0x30 ./Drivers/STM32L4xx_HAL_Driver/Src/stm32l4xx_hal.o
                0x08000e6a                HAL_Init
 *fill*         0x08000e9a        0x2 
 .text.HAL_IncTick
                0x08000e9c       0x28 ./Drivers/STM32L4xx_HAL_Driver/Src/stm32l4xx_hal.o
                0x08000e9c                HAL_IncTick
 .text.__NVIC_SetPriorityGrouping
                0x08000ec4       0x48 ./Drivers/STM32L4xx_HAL_Driver/Src/stm32l4xx_hal_cortex.o
 .text.__NVIC_GetPriorityGrouping
                0x08000f0c       0x1c ./Drivers/STM32L4xx_HAL_Driver/Src/stm32l4xx_hal_cortex.o
 .text.__NVIC_EnableIRQ
                0x08000f28       0x3c ./Drivers/STM32L4xx_HAL_Driver/Src/stm32l4xx_hal_cortex.o
 .text.__NVIC_SetPriority
                0x08000f64       0x54 ./Drivers/STM32L4xx_HAL_Driver/Src/stm32l4xx_hal_cortex.o
 .text.NVIC_EncodePriority
                0x08000fb8       0x66 ./Drivers/STM32L4xx_HAL_Driver/Src/stm32l4xx_hal_cortex.o
 .text.HAL_NVIC_SetPriorityGrouping
                0x0800101e       0x16 ./Drivers/STM32L4xx_HAL_Driver/Src/stm32l4xx_hal_cortex.o
                0x0800101e                HAL_NVIC_SetPriorityGrouping
 .text.HAL_NVIC_SetPriority
                0x08001034       0x38 ./Drivers/STM32L4xx_HAL_Driver/Src/stm32l4xx_hal_cortex.o
                0x08001034                HAL_NVIC_SetPriority
 .text.HAL_NVIC_EnableIRQ
                0x0800106c       0x1c ./Drivers/STM32L4xx_HAL_Driver/Src/stm32l4xx_hal_cortex.o
                0x0800106c                HAL_NVIC_EnableIRQ
 .text.HAL_RCC_GetHCLKFreq
                0x08001088       0x18 ./Drivers/STM32L4xx_HAL_Driver/Src/stm32l4xx_hal_rcc.o
                0x08001088                HAL_RCC_GetHCLKFreq
 .text.HAL_RCC_GetPCLK2Freq
                0x080010a0       0x2c ./Drivers/STM32L4xx_HAL_Driver/Src/stm32l4xx_hal_rcc.o
                0x080010a0                HAL_RCC_GetPCLK2Freq
 .text.HAL_RCC_GetClockConfig
                0x080010cc       0x64 ./Drivers/STM32L4xx_HAL_Driver/Src/stm32l4xx_hal_rcc.o
                0x080010cc                HAL_RCC_GetClockConfig
 .text.HAL_TIM_Base_Init
                0x08001130       0xae ./Drivers/STM32L4xx_HAL_Driver/Src/stm32l4xx_hal_tim.o
                0x08001130                HAL_TIM_Base_Init
 .text.HAL_TIM_Base_MspInit
                0x080011de       0x14 ./Drivers/STM32L4xx_HAL_Driver/Src/stm32l4xx_hal_tim.o
                0x080011de                HAL_TIM_Base_MspInit
 *fill*         0x080011f2        0x2 
 .text.HAL_TIM_Base_Start_IT
                0x080011f4       0xe0 ./Drivers/STM32L4xx_HAL_Driver/Src/stm32l4xx_hal_tim.o
                0x080011f4                HAL_TIM_Base_Start_IT
 .text.HAL_TIM_IRQHandler
                0x080012d4      0x20e ./Drivers/STM32L4xx_HAL_Driver/Src/stm32l4xx_hal_tim.o
                0x080012d4                HAL_TIM_IRQHandler
 .text.HAL_TIM_OC_DelayElapsedCallback
                0x080014e2       0x14 ./Drivers/STM32L4xx_HAL_Driver/Src/stm32l4xx_hal_tim.o
                0x080014e2                HAL_TIM_OC_DelayElapsedCallback
 .text.HAL_TIM_IC_CaptureCallback
                0x080014f6       0x14 ./Drivers/STM32L4xx_HAL_Driver/Src/stm32l4xx_hal_tim.o
                0x080014f6                HAL_TIM_IC_CaptureCallback
 .text.HAL_TIM_PWM_PulseFinishedCallback
                0x0800150a       0x14 ./Drivers/STM32L4xx_HAL_Driver/Src/stm32l4xx_hal_tim.o
                0x0800150a                HAL_TIM_PWM_PulseFinishedCallback
 .text.HAL_TIM_TriggerCallback
                0x0800151e       0x14 ./Drivers/STM32L4xx_HAL_Driver/Src/stm32l4xx_hal_tim.o
                0x0800151e                HAL_TIM_TriggerCallback
 *fill*         0x08001532        0x2 
 .text.TIM_Base_SetConfig
                0x08001534      0x14c ./Drivers/STM32L4xx_HAL_Driver/Src/stm32l4xx_hal_tim.o
                0x08001534                TIM_Base_SetConfig
 .text.HAL_TIMEx_CommutCallback
                0x08001680       0x14 ./Drivers/STM32L4xx_HAL_Driver/Src/stm32l4xx_hal_tim_ex.o
                0x08001680                HAL_TIMEx_CommutCallback
 .text.HAL_TIMEx_BreakCallback
                0x08001694       0x14 ./Drivers/STM32L4xx_HAL_Driver/Src/stm32l4xx_hal_tim_ex.o
                0x08001694                HAL_TIMEx_BreakCallback
 .text.HAL_TIMEx_Break2Callback
                0x080016a8       0x14 ./Drivers/STM32L4xx_HAL_Driver/Src/stm32l4xx_hal_tim_ex.o
                0x080016a8                HAL_TIMEx_Break2Callback
 .text.LL_GPIO_SetPinMode
                0x080016bc       0x7a ./Drivers/STM32L4xx_HAL_Driver/Src/stm32l4xx_ll_gpio.o
 .text.LL_GPIO_SetPinOutputType
                0x08001736       0x30 ./Drivers/STM32L4xx_HAL_Driver/Src/stm32l4xx_ll_gpio.o
 .text.LL_GPIO_SetPinSpeed
                0x08001766       0x7a ./Drivers/STM32L4xx_HAL_Driver/Src/stm32l4xx_ll_gpio.o
 .text.LL_GPIO_SetPinPull
                0x080017e0       0x7a ./Drivers/STM32L4xx_HAL_Driver/Src/stm32l4xx_ll_gpio.o
 .text.LL_GPIO_SetAFPin_0_7
                0x0800185a       0x7a ./Drivers/STM32L4xx_HAL_Driver/Src/stm32l4xx_ll_gpio.o
 .text.LL_GPIO_SetAFPin_8_15
                0x080018d4       0x7e ./Drivers/STM32L4xx_HAL_Driver/Src/stm32l4xx_ll_gpio.o
 .text.LL_GPIO_Init
                0x08001952       0xdc ./Drivers/STM32L4xx_HAL_Driver/Src/stm32l4xx_ll_gpio.o
                0x08001952                LL_GPIO_Init
 *fill*         0x08001a2e        0x2 
 .text.LL_RCC_HSI_IsReady
                0x08001a30       0x28 ./Drivers/STM32L4xx_HAL_Driver/Src/stm32l4xx_ll_rcc.o
 .text.LL_RCC_LSE_IsReady
                0x08001a58       0x28 ./Drivers/STM32L4xx_HAL_Driver/Src/stm32l4xx_ll_rcc.o
 .text.LL_RCC_MSI_IsEnabledRangeSelect
                0x08001a80       0x24 ./Drivers/STM32L4xx_HAL_Driver/Src/stm32l4xx_ll_rcc.o
 .text.LL_RCC_MSI_GetRange
                0x08001aa4       0x1c ./Drivers/STM32L4xx_HAL_Driver/Src/stm32l4xx_ll_rcc.o
 .text.LL_RCC_MSI_GetRangeAfterStandby
                0x08001ac0       0x1c ./Drivers/STM32L4xx_HAL_Driver/Src/stm32l4xx_ll_rcc.o
 .text.LL_RCC_GetSysClkSource
                0x08001adc       0x1c ./Drivers/STM32L4xx_HAL_Driver/Src/stm32l4xx_ll_rcc.o
 .text.LL_RCC_GetAHBPrescaler
                0x08001af8       0x1c ./Drivers/STM32L4xx_HAL_Driver/Src/stm32l4xx_ll_rcc.o
 .text.LL_RCC_GetAPB1Prescaler
                0x08001b14       0x1c ./Drivers/STM32L4xx_HAL_Driver/Src/stm32l4xx_ll_rcc.o
 .text.LL_RCC_GetAPB2Prescaler
                0x08001b30       0x1c ./Drivers/STM32L4xx_HAL_Driver/Src/stm32l4xx_ll_rcc.o
 .text.LL_RCC_GetUSARTClockSource
                0x08001b4c       0x28 ./Drivers/STM32L4xx_HAL_Driver/Src/stm32l4xx_ll_rcc.o
 .text.LL_RCC_GetUARTClockSource
                0x08001b74       0x28 ./Drivers/STM32L4xx_HAL_Driver/Src/stm32l4xx_ll_rcc.o
 .text.LL_RCC_PLL_GetMainSource
                0x08001b9c       0x1c ./Drivers/STM32L4xx_HAL_Driver/Src/stm32l4xx_ll_rcc.o
 .text.LL_RCC_PLL_GetN
                0x08001bb8       0x1c ./Drivers/STM32L4xx_HAL_Driver/Src/stm32l4xx_ll_rcc.o
 .text.LL_RCC_PLL_GetR
                0x08001bd4       0x1c ./Drivers/STM32L4xx_HAL_Driver/Src/stm32l4xx_ll_rcc.o
 .text.LL_RCC_PLL_GetDivider
                0x08001bf0       0x1c ./Drivers/STM32L4xx_HAL_Driver/Src/stm32l4xx_ll_rcc.o
 .text.LL_RCC_GetUSARTClockFreq
                0x08001c0c      0x1c4 ./Drivers/STM32L4xx_HAL_Driver/Src/stm32l4xx_ll_rcc.o
                0x08001c0c                LL_RCC_GetUSARTClockFreq
 .text.LL_RCC_GetUARTClockFreq
                0x08001dd0      0x128 ./Drivers/STM32L4xx_HAL_Driver/Src/stm32l4xx_ll_rcc.o
                0x08001dd0                LL_RCC_GetUARTClockFreq
 .text.RCC_GetSystemClockFreq
                0x08001ef8      0x120 ./Drivers/STM32L4xx_HAL_Driver/Src/stm32l4xx_ll_rcc.o
 .text.RCC_GetHCLKClockFreq
                0x08002018       0x2c ./Drivers/STM32L4xx_HAL_Driver/Src/stm32l4xx_ll_rcc.o
 .text.RCC_GetPCLK1ClockFreq
                0x08002044       0x28 ./Drivers/STM32L4xx_HAL_Driver/Src/stm32l4xx_ll_rcc.o
 .text.RCC_GetPCLK2ClockFreq
                0x0800206c       0x28 ./Drivers/STM32L4xx_HAL_Driver/Src/stm32l4xx_ll_rcc.o
 .text.RCC_PLL_GetFreqDomain_SYS
                0x08002094      0x118 ./Drivers/STM32L4xx_HAL_Driver/Src/stm32l4xx_ll_rcc.o
 .text.LL_USART_IsEnabled
                0x080021ac       0x26 ./Drivers/STM32L4xx_HAL_Driver/Src/stm32l4xx_ll_usart.o
 .text.LL_USART_SetStopBitsLength
                0x080021d2       0x26 ./Drivers/STM32L4xx_HAL_Driver/Src/stm32l4xx_ll_usart.o
 .text.LL_USART_SetHWFlowCtrl
                0x080021f8       0x26 ./Drivers/STM32L4xx_HAL_Driver/Src/stm32l4xx_ll_usart.o
 .text.LL_USART_SetBaudRate
                0x0800221e       0x6e ./Drivers/STM32L4xx_HAL_Driver/Src/stm32l4xx_ll_usart.o
 .text.LL_USART_Init
                0x0800228c       0xf8 ./Drivers/STM32L4xx_HAL_Driver/Src/stm32l4xx_ll_usart.o
                0x0800228c                LL_USART_Init
 .text.LL_SetSystemCoreClock
                0x08002384       0x20 ./Drivers/STM32L4xx_HAL_Driver/Src/stm32l4xx_ll_utils.o
                0x08002384                LL_SetSystemCoreClock
 .text.__NVIC_SetPriority
                0x080023a4       0x54 ./Middlewares/Third_Party/FreeRTOS/Source/CMSIS_RTOS_V2/cmsis_os2.o
 .text.SysTick_Handler
                0x080023f8       0x20 ./Middlewares/Third_Party/FreeRTOS/Source/CMSIS_RTOS_V2/cmsis_os2.o
                0x080023f8                SysTick_Handler
 .text.SVC_Setup
                0x08002418       0x12 ./Middlewares/Third_Party/FreeRTOS/Source/CMSIS_RTOS_V2/cmsis_os2.o
 *fill*         0x0800242a        0x2 
 .text.osKernelInitialize
                0x0800242c       0x48 ./Middlewares/Third_Party/FreeRTOS/Source/CMSIS_RTOS_V2/cmsis_os2.o
                0x0800242c                osKernelInitialize
 .text.osKernelStart
                0x08002474       0x4c ./Middlewares/Third_Party/FreeRTOS/Source/CMSIS_RTOS_V2/cmsis_os2.o
                0x08002474                osKernelStart
 .text.osThreadNew
                0x080024c0      0x124 ./Middlewares/Third_Party/FreeRTOS/Source/CMSIS_RTOS_V2/cmsis_os2.o
                0x080024c0                osThreadNew
 .text.osDelay  0x080025e4       0x36 ./Middlewares/Third_Party/FreeRTOS/Source/CMSIS_RTOS_V2/cmsis_os2.o
                0x080025e4                osDelay
 *fill*         0x0800261a        0x2 
 .text.vApplicationGetIdleTaskMemory
                0x0800261c       0x34 ./Middlewares/Third_Party/FreeRTOS/Source/CMSIS_RTOS_V2/cmsis_os2.o
                0x0800261c                vApplicationGetIdleTaskMemory
 .text.vApplicationGetTimerTaskMemory
                0x08002650       0x34 ./Middlewares/Third_Party/FreeRTOS/Source/CMSIS_RTOS_V2/cmsis_os2.o
                0x08002650                vApplicationGetTimerTaskMemory
 .text.vListInitialise
                0x08002684       0x40 ./Middlewares/Third_Party/FreeRTOS/Source/list.o
                0x08002684                vListInitialise
 .text.vListInitialiseItem
                0x080026c4       0x1a ./Middlewares/Third_Party/FreeRTOS/Source/list.o
                0x080026c4                vListInitialiseItem
 .text.vListInsertEnd
                0x080026de       0x48 ./Middlewares/Third_Party/FreeRTOS/Source/list.o
                0x080026de                vListInsertEnd
 .text.vListInsert
                0x08002726       0x72 ./Middlewares/Third_Party/FreeRTOS/Source/list.o
                0x08002726                vListInsert
 .text.uxListRemove
                0x08002798       0x54 ./Middlewares/Third_Party/FreeRTOS/Source/list.o
                0x08002798                uxListRemove
 .text.xQueueGenericReset
                0x080027ec       0xd4 ./Middlewares/Third_Party/FreeRTOS/Source/queue.o
                0x080027ec                xQueueGenericReset
 .text.xQueueGenericCreateStatic
                0x080028c0       0xfa ./Middlewares/Third_Party/FreeRTOS/Source/queue.o
                0x080028c0                xQueueGenericCreateStatic
 .text.xQueueGenericCreate
                0x080029ba       0x76 ./Middlewares/Third_Party/FreeRTOS/Source/queue.o
                0x080029ba                xQueueGenericCreate
 .text.prvInitialiseNewQueue
                0x08002a30       0x46 ./Middlewares/Third_Party/FreeRTOS/Source/queue.o
 *fill*         0x08002a76        0x2 
 .text.xQueueGenericSend
                0x08002a78      0x204 ./Middlewares/Third_Party/FreeRTOS/Source/queue.o
                0x08002a78                xQueueGenericSend
 .text.xQueueGenericSendFromISR
                0x08002c7c      0x13c ./Middlewares/Third_Party/FreeRTOS/Source/queue.o
                0x08002c7c                xQueueGenericSendFromISR
 .text.xQueueGiveFromISR
                0x08002db8      0x120 ./Middlewares/Third_Party/FreeRTOS/Source/queue.o
                0x08002db8                xQueueGiveFromISR
 .text.xQueueReceive
                0x08002ed8      0x1c4 ./Middlewares/Third_Party/FreeRTOS/Source/queue.o
                0x08002ed8                xQueueReceive
 .text.xQueueSemaphoreTake
                0x0800309c      0x220 ./Middlewares/Third_Party/FreeRTOS/Source/queue.o
                0x0800309c                xQueueSemaphoreTake
 .text.prvGetDisinheritPriorityAfterTimeout
                0x080032bc       0x30 ./Middlewares/Third_Party/FreeRTOS/Source/queue.o
 .text.prvCopyDataToQueue
                0x080032ec       0xd4 ./Middlewares/Third_Party/FreeRTOS/Source/queue.o
 .text.prvCopyDataFromQueue
                0x080033c0       0x4c ./Middlewares/Third_Party/FreeRTOS/Source/queue.o
 .text.prvUnlockQueue
                0x0800340c       0xa4 ./Middlewares/Third_Party/FreeRTOS/Source/queue.o
 .text.prvIsQueueEmpty
                0x080034b0       0x2c ./Middlewares/Third_Party/FreeRTOS/Source/queue.o
 .text.prvIsQueueFull
                0x080034dc       0x30 ./Middlewares/Third_Party/FreeRTOS/Source/queue.o
 .text.vQueueAddToRegistry
                0x0800350c       0x54 ./Middlewares/Third_Party/FreeRTOS/Source/queue.o
                0x0800350c                vQueueAddToRegistry
 .text.vQueueWaitForMessageRestricted
                0x08003560       0x68 ./Middlewares/Third_Party/FreeRTOS/Source/queue.o
                0x08003560                vQueueWaitForMessageRestricted
 .text.xTaskCreateStatic
                0x080035c8       0xc0 ./Middlewares/Third_Party/FreeRTOS/Source/tasks.o
                0x080035c8                xTaskCreateStatic
 .text.xTaskCreate
                0x08003688       0x8a ./Middlewares/Third_Party/FreeRTOS/Source/tasks.o
                0x08003688                xTaskCreate
 .text.prvInitialiseNewTask
                0x08003712      0x120 ./Middlewares/Third_Party/FreeRTOS/Source/tasks.o
 *fill*         0x08003832        0x2 
 .text.prvAddNewTaskToReadyList
                0x08003834       0xe0 ./Middlewares/Third_Party/FreeRTOS/Source/tasks.o
 .text.vTaskDelay
                0x08003914       0x6c ./Middlewares/Third_Party/FreeRTOS/Source/tasks.o
                0x08003914                vTaskDelay
 .text.vTaskStartScheduler
                0x08003980       0xd0 ./Middlewares/Third_Party/FreeRTOS/Source/tasks.o
                0x08003980                vTaskStartScheduler
 .text.vTaskSuspendAll
                0x08003a50       0x1c ./Middlewares/Third_Party/FreeRTOS/Source/tasks.o
                0x08003a50                vTaskSuspendAll
 .text.xTaskResumeAll
                0x08003a6c      0x13c ./Middlewares/Third_Party/FreeRTOS/Source/tasks.o
                0x08003a6c                xTaskResumeAll
 .text.xTaskGetTickCount
                0x08003ba8       0x20 ./Middlewares/Third_Party/FreeRTOS/Source/tasks.o
                0x08003ba8                xTaskGetTickCount
 .text.xTaskIncrementTick
                0x08003bc8      0x174 ./Middlewares/Third_Party/FreeRTOS/Source/tasks.o
                0x08003bc8                xTaskIncrementTick
 .text.vTaskSwitchContext
                0x08003d3c       0xbc ./Middlewares/Third_Party/FreeRTOS/Source/tasks.o
                0x08003d3c                vTaskSwitchContext
 .text.vTaskPlaceOnEventList
                0x08003df8       0x4c ./Middlewares/Third_Party/FreeRTOS/Source/tasks.o
                0x08003df8                vTaskPlaceOnEventList
 .text.vTaskPlaceOnEventListRestricted
                0x08003e44       0x58 ./Middlewares/Third_Party/FreeRTOS/Source/tasks.o
                0x08003e44                vTaskPlaceOnEventListRestricted
 .text.xTaskRemoveFromEventList
                0x08003e9c       0xc8 ./Middlewares/Third_Party/FreeRTOS/Source/tasks.o
                0x08003e9c                xTaskRemoveFromEventList
 .text.vTaskInternalSetTimeOutState
                0x08003f64       0x2c ./Middlewares/Third_Party/FreeRTOS/Source/tasks.o
                0x08003f64                vTaskInternalSetTimeOutState
 .text.xTaskCheckForTimeOut
                0x08003f90       0xc8 ./Middlewares/Third_Party/FreeRTOS/Source/tasks.o
                0x08003f90                xTaskCheckForTimeOut
 .text.vTaskMissedYield
                0x08004058       0x18 ./Middlewares/Third_Party/FreeRTOS/Source/tasks.o
                0x08004058                vTaskMissedYield
 .text.prvIdleTask
                0x08004070       0x30 ./Middlewares/Third_Party/FreeRTOS/Source/tasks.o
 .text.prvInitialiseTaskLists
                0x080040a0       0x80 ./Middlewares/Third_Party/FreeRTOS/Source/tasks.o
 .text.prvCheckTasksWaitingTermination
                0x08004120       0x5c ./Middlewares/Third_Party/FreeRTOS/Source/tasks.o
 .text.prvDeleteTCB
                0x0800417c       0x60 ./Middlewares/Third_Party/FreeRTOS/Source/tasks.o
 .text.prvResetNextTaskUnblockTime
                0x080041dc       0x40 ./Middlewares/Third_Party/FreeRTOS/Source/tasks.o
 .text.xTaskGetSchedulerState
                0x0800421c       0x3c ./Middlewares/Third_Party/FreeRTOS/Source/tasks.o
                0x0800421c                xTaskGetSchedulerState
 .text.xTaskPriorityInherit
                0x08004258       0xd0 ./Middlewares/Third_Party/FreeRTOS/Source/tasks.o
                0x08004258                xTaskPriorityInherit
 .text.xTaskPriorityDisinherit
                0x08004328       0xe0 ./Middlewares/Third_Party/FreeRTOS/Source/tasks.o
                0x08004328                xTaskPriorityDisinherit
 .text.vTaskPriorityDisinheritAfterTimeout
                0x08004408      0x108 ./Middlewares/Third_Party/FreeRTOS/Source/tasks.o
                0x08004408                vTaskPriorityDisinheritAfterTimeout
 .text.pvTaskIncrementMutexHeldCount
                0x08004510       0x28 ./Middlewares/Third_Party/FreeRTOS/Source/tasks.o
                0x08004510                pvTaskIncrementMutexHeldCount
 .text.prvAddCurrentTaskToDelayedList
                0x08004538       0xa8 ./Middlewares/Third_Party/FreeRTOS/Source/tasks.o
 .text.xTimerCreateTimerTask
                0x080045e0       0x94 ./Middlewares/Third_Party/FreeRTOS/Source/timers.o
                0x080045e0                xTimerCreateTimerTask
 .text.xTimerGenericCommand
                0x08004674       0x9c ./Middlewares/Third_Party/FreeRTOS/Source/timers.o
                0x08004674                xTimerGenericCommand
 .text.prvProcessExpiredTimer
                0x08004710       0x9c ./Middlewares/Third_Party/FreeRTOS/Source/timers.o
 .text.prvTimerTask
                0x080047ac       0x26 ./Middlewares/Third_Party/FreeRTOS/Source/timers.o
 *fill*         0x080047d2        0x2 
 .text.prvProcessTimerOrBlockTask
                0x080047d4       0x9c ./Middlewares/Third_Party/FreeRTOS/Source/timers.o
 .text.prvGetNextExpireTime
                0x08004870       0x48 ./Middlewares/Third_Party/FreeRTOS/Source/timers.o
 .text.prvSampleTimeNow
                0x080048b8       0x40 ./Middlewares/Third_Party/FreeRTOS/Source/timers.o
 .text.prvInsertTimerInActiveList
                0x080048f8       0x84 ./Middlewares/Third_Party/FreeRTOS/Source/timers.o
 .text.prvProcessReceivedCommands
                0x0800497c      0x1cc ./Middlewares/Third_Party/FreeRTOS/Source/timers.o
 .text.prvSwitchTimerLists
                0x08004b48       0xcc ./Middlewares/Third_Party/FreeRTOS/Source/timers.o
 .text.prvCheckForValidListAndQueue
                0x08004c14       0x80 ./Middlewares/Third_Party/FreeRTOS/Source/timers.o
 .text.pxPortInitialiseStack
                0x08004c94       0x68 ./Middlewares/Third_Party/FreeRTOS/Source/portable/GCC/ARM_CM4F/port.o
                0x08004c94                pxPortInitialiseStack
 .text.prvTaskExitError
                0x08004cfc       0x5c ./Middlewares/Third_Party/FreeRTOS/Source/portable/GCC/ARM_CM4F/port.o
 *fill*         0x08004d58        0x8 
 .text.SVC_Handler
                0x08004d60       0x28 ./Middlewares/Third_Party/FreeRTOS/Source/portable/GCC/ARM_CM4F/port.o
                0x08004d60                SVC_Handler
 .text.prvPortStartFirstTask
                0x08004d88       0x28 ./Middlewares/Third_Party/FreeRTOS/Source/portable/GCC/ARM_CM4F/port.o
 .text.xPortStartScheduler
                0x08004db0      0x148 ./Middlewares/Third_Party/FreeRTOS/Source/portable/GCC/ARM_CM4F/port.o
                0x08004db0                xPortStartScheduler
 .text.vPortEnterCritical
                0x08004ef8       0x64 ./Middlewares/Third_Party/FreeRTOS/Source/portable/GCC/ARM_CM4F/port.o
                0x08004ef8                vPortEnterCritical
 .text.vPortExitCritical
                0x08004f5c       0x54 ./Middlewares/Third_Party/FreeRTOS/Source/portable/GCC/ARM_CM4F/port.o
                0x08004f5c                vPortExitCritical
 .text.PendSV_Handler
                0x08004fb0       0x68 ./Middlewares/Third_Party/FreeRTOS/Source/portable/GCC/ARM_CM4F/port.o
                0x08004fb0                PendSV_Handler
 .text.xPortSysTickHandler
                0x08005018       0x44 ./Middlewares/Third_Party/FreeRTOS/Source/portable/GCC/ARM_CM4F/port.o
                0x08005018                xPortSysTickHandler
 .text.vPortSetupTimerInterrupt
                0x0800505c       0x48 ./Middlewares/Third_Party/FreeRTOS/Source/portable/GCC/ARM_CM4F/port.o
                0x0800505c                vPortSetupTimerInterrupt
 .text.vPortEnableVFP
                0x080050a4       0x14 ./Middlewares/Third_Party/FreeRTOS/Source/portable/GCC/ARM_CM4F/port.o
 .text.vPortValidateInterruptPriority
                0x080050b8       0x84 ./Middlewares/Third_Party/FreeRTOS/Source/portable/GCC/ARM_CM4F/port.o
                0x080050b8                vPortValidateInterruptPriority
 .text.pvPortMalloc
                0x0800513c      0x19c ./Middlewares/Third_Party/FreeRTOS/Source/portable/MemMang/heap_4.o
                0x0800513c                pvPortMalloc
 .text.vPortFree
                0x080052d8       0xc8 ./Middlewares/Third_Party/FreeRTOS/Source/portable/MemMang/heap_4.o
                0x080052d8                vPortFree
 .text.prvHeapInit
                0x080053a0       0xc4 ./Middlewares/Third_Party/FreeRTOS/Source/portable/MemMang/heap_4.o
 .text.prvInsertBlockIntoFreeList
                0x08005464       0xb4 ./Middlewares/Third_Party/FreeRTOS/Source/portable/MemMang/heap_4.o
 .text.memset   0x08005518       0x10 D:/STM32CubeIDE_1.17.0/STM32CubeIDE/plugins/com.st.stm32cube.ide.mcu.externaltools.gnu-tools-for-stm32.13.3.rel1.win32_1.0.0.202411081344/tools/bin/../lib/gcc/arm-none-eabi/13.3.1/../../../../arm-none-eabi/lib/thumb/v7e-m+fp/hard\libc_nano.a(libc_a-memset.o)
                0x08005518                memset
 .text.__libc_init_array
                0x08005528       0x48 D:/STM32CubeIDE_1.17.0/STM32CubeIDE/plugins/com.st.stm32cube.ide.mcu.externaltools.gnu-tools-for-stm32.13.3.rel1.win32_1.0.0.202411081344/tools/bin/../lib/gcc/arm-none-eabi/13.3.1/../../../../arm-none-eabi/lib/thumb/v7e-m+fp/hard\libc_nano.a(libc_a-init.o)
                0x08005528                __libc_init_array
 .text.memcpy   0x08005570       0x1c D:/STM32CubeIDE_1.17.0/STM32CubeIDE/plugins/com.st.stm32cube.ide.mcu.externaltools.gnu-tools-for-stm32.13.3.rel1.win32_1.0.0.202411081344/tools/bin/../lib/gcc/arm-none-eabi/13.3.1/../../../../arm-none-eabi/lib/thumb/v7e-m+fp/hard\libc_nano.a(libc_a-memcpy-stub.o)
                0x08005570                memcpy
 *(.glue_7)
 .glue_7        0x0800558c        0x0 linker stubs
 *(.glue_7t)
 .glue_7t       0x0800558c        0x0 linker stubs
 *(.eh_frame)
 .eh_frame      0x0800558c        0x0 D:/STM32CubeIDE_1.17.0/STM32CubeIDE/plugins/com.st.stm32cube.ide.mcu.externaltools.gnu-tools-for-stm32.13.3.rel1.win32_1.0.0.202411081344/tools/bin/../lib/gcc/arm-none-eabi/13.3.1/thumb/v7e-m+fp/hard/crtbegin.o
 *(.init)
 .init          0x0800558c        0x4 D:/STM32CubeIDE_1.17.0/STM32CubeIDE/plugins/com.st.stm32cube.ide.mcu.externaltools.gnu-tools-for-stm32.13.3.rel1.win32_1.0.0.202411081344/tools/bin/../lib/gcc/arm-none-eabi/13.3.1/thumb/v7e-m+fp/hard/crti.o
                0x0800558c                _init
 .init          0x08005590        0x8 D:/STM32CubeIDE_1.17.0/STM32CubeIDE/plugins/com.st.stm32cube.ide.mcu.externaltools.gnu-tools-for-stm32.13.3.rel1.win32_1.0.0.202411081344/tools/bin/../lib/gcc/arm-none-eabi/13.3.1/thumb/v7e-m+fp/hard/crtn.o
 *(.fini)
 .fini          0x08005598        0x4 D:/STM32CubeIDE_1.17.0/STM32CubeIDE/plugins/com.st.stm32cube.ide.mcu.externaltools.gnu-tools-for-stm32.13.3.rel1.win32_1.0.0.202411081344/tools/bin/../lib/gcc/arm-none-eabi/13.3.1/thumb/v7e-m+fp/hard/crti.o
                0x08005598                _fini
 .fini          0x0800559c        0x8 D:/STM32CubeIDE_1.17.0/STM32CubeIDE/plugins/com.st.stm32cube.ide.mcu.externaltools.gnu-tools-for-stm32.13.3.rel1.win32_1.0.0.202411081344/tools/bin/../lib/gcc/arm-none-eabi/13.3.1/thumb/v7e-m+fp/hard/crtn.o
                0x080055a4                        . = ALIGN (0x4)
                0x080055a4                        _etext = .

.vfp11_veneer   0x080055a4        0x0
 .vfp11_veneer  0x080055a4        0x0 linker stubs

.v4_bx          0x080055a4        0x0
 .v4_bx         0x080055a4        0x0 linker stubs

.iplt           0x080055a4        0x0
 .iplt          0x080055a4        0x0 D:/STM32CubeIDE_1.17.0/STM32CubeIDE/plugins/com.st.stm32cube.ide.mcu.externaltools.gnu-tools-for-stm32.13.3.rel1.win32_1.0.0.202411081344/tools/bin/../lib/gcc/arm-none-eabi/13.3.1/thumb/v7e-m+fp/hard/crtbegin.o

.rodata         0x080055a4       0xd4
                0x080055a4                        . = ALIGN (0x4)
 *(.rodata)
 .rodata        0x080055a4       0x2a ./Core/Src/freertos.o
 *fill*         0x080055ce        0x2 
 .rodata        0x080055d0        0x5 ./Middlewares/Third_Party/FreeRTOS/Source/tasks.o
 *fill*         0x080055d5        0x3 
 .rodata        0x080055d8        0xd ./Middlewares/Third_Party/FreeRTOS/Source/timers.o
 *(.rodata*)
 *fill*         0x080055e5        0x3 
 .rodata.UsartTaskHandle_attributes
                0x080055e8       0x24 ./Core/Src/freertos.o
                0x080055e8                UsartTaskHandle_attributes
 .rodata.defaultTask_attributes
                0x0800560c       0x24 ./Core/Src/freertos.o
                0x0800560c                defaultTask_attributes
 .rodata.AHBPrescTable
                0x08005630       0x10 ./Core/Src/system_stm32l4xx.o
                0x08005630                AHBPrescTable
 .rodata.APBPrescTable
                0x08005640        0x8 ./Core/Src/system_stm32l4xx.o
                0x08005640                APBPrescTable
 .rodata.MSIRangeTable
                0x08005648       0x30 ./Core/Src/system_stm32l4xx.o
                0x08005648                MSIRangeTable
                0x08005678                        . = ALIGN (0x4)

.ARM.extab      0x08005678        0x0
                0x08005678                        . = ALIGN (0x4)
 *(.ARM.extab* .gnu.linkonce.armextab.*)
                0x08005678                        . = ALIGN (0x4)

.ARM            0x08005678        0x8
                0x08005678                        . = ALIGN (0x4)
                0x08005678                        __exidx_start = .
 *(.ARM.exidx*)
 .ARM.exidx     0x08005678        0x8 D:/STM32CubeIDE_1.17.0/STM32CubeIDE/plugins/com.st.stm32cube.ide.mcu.externaltools.gnu-tools-for-stm32.13.3.rel1.win32_1.0.0.202411081344/tools/bin/../lib/gcc/arm-none-eabi/13.3.1/../../../../arm-none-eabi/lib/thumb/v7e-m+fp/hard\libc_nano.a(libc_a-strcmp.o)
                0x08005680                        __exidx_end = .
                0x08005680                        . = ALIGN (0x4)

.preinit_array  0x08005680        0x0
                0x08005680                        . = ALIGN (0x4)
                0x08005680                        PROVIDE (__preinit_array_start = .)
 *(.preinit_array*)
                0x08005680                        PROVIDE (__preinit_array_end = .)
                0x08005680                        . = ALIGN (0x4)

.init_array     0x08005680        0x4
                0x08005680                        . = ALIGN (0x4)
                0x08005680                        PROVIDE (__init_array_start = .)
 *(SORT_BY_NAME(.init_array.*))
 *(.init_array*)
 .init_array    0x08005680        0x4 D:/STM32CubeIDE_1.17.0/STM32CubeIDE/plugins/com.st.stm32cube.ide.mcu.externaltools.gnu-tools-for-stm32.13.3.rel1.win32_1.0.0.202411081344/tools/bin/../lib/gcc/arm-none-eabi/13.3.1/thumb/v7e-m+fp/hard/crtbegin.o
                0x08005684                        PROVIDE (__init_array_end = .)
                0x08005684                        . = ALIGN (0x4)

.fini_array     0x08005684        0x4
                0x08005684                        . = ALIGN (0x4)
                [!provide]                        PROVIDE (__fini_array_start = .)
 *(SORT_BY_NAME(.fini_array.*))
 *(.fini_array*)
 .fini_array    0x08005684        0x4 D:/STM32CubeIDE_1.17.0/STM32CubeIDE/plugins/com.st.stm32cube.ide.mcu.externaltools.gnu-tools-for-stm32.13.3.rel1.win32_1.0.0.202411081344/tools/bin/../lib/gcc/arm-none-eabi/13.3.1/thumb/v7e-m+fp/hard/crtbegin.o
                [!provide]                        PROVIDE (__fini_array_end = .)
                0x08005688                        . = ALIGN (0x4)
                0x08005688                        _sidata = LOADADDR (.data)

.rel.dyn        0x08005688        0x0
 .rel.iplt      0x08005688        0x0 D:/STM32CubeIDE_1.17.0/STM32CubeIDE/plugins/com.st.stm32cube.ide.mcu.externaltools.gnu-tools-for-stm32.13.3.rel1.win32_1.0.0.202411081344/tools/bin/../lib/gcc/arm-none-eabi/13.3.1/thumb/v7e-m+fp/hard/crtbegin.o

.data           0x20000000       0x18 load address 0x08005688
                0x20000000                        . = ALIGN (0x4)
                0x20000000                        _sdata = .
 *(.data)
 *(.data*)
 .data.work_flag
                0x20000000        0x1 ./Core/Src/freertos.o
                0x20000000                work_flag
 *fill*         0x20000001        0x3 
 .data.led_blink_timedelay
                0x20000004        0x4 ./Core/Src/freertos.o
                0x20000004                led_blink_timedelay
 .data.SystemCoreClock
                0x20000008        0x4 ./Core/Src/system_stm32l4xx.o
                0x20000008                SystemCoreClock
 .data.uwTickPrio
                0x2000000c        0x4 ./Drivers/STM32L4xx_HAL_Driver/Src/stm32l4xx_hal.o
                0x2000000c                uwTickPrio
 .data.uwTickFreq
                0x20000010        0x1 ./Drivers/STM32L4xx_HAL_Driver/Src/stm32l4xx_hal.o
                0x20000010                uwTickFreq
 *fill*         0x20000011        0x3 
 .data.uxCriticalNesting
                0x20000014        0x4 ./Middlewares/Third_Party/FreeRTOS/Source/portable/GCC/ARM_CM4F/port.o
 *(.RamFunc)
 *(.RamFunc*)
                0x20000018                        . = ALIGN (0x4)
                0x20000018                        _edata = .

.igot.plt       0x20000018        0x0 load address 0x080056a0
 .igot.plt      0x20000018        0x0 D:/STM32CubeIDE_1.17.0/STM32CubeIDE/plugins/com.st.stm32cube.ide.mcu.externaltools.gnu-tools-for-stm32.13.3.rel1.win32_1.0.0.202411081344/tools/bin/../lib/gcc/arm-none-eabi/13.3.1/thumb/v7e-m+fp/hard/crtbegin.o
                0x20000018                        . = ALIGN (0x4)

.bss            0x20000018     0x19a4 load address 0x080056a0
                0x20000018                        _sbss = .
                0x20000018                        __bss_start__ = _sbss
 *(.bss)
 .bss           0x20000018       0x1c D:/STM32CubeIDE_1.17.0/STM32CubeIDE/plugins/com.st.stm32cube.ide.mcu.externaltools.gnu-tools-for-stm32.13.3.rel1.win32_1.0.0.202411081344/tools/bin/../lib/gcc/arm-none-eabi/13.3.1/thumb/v7e-m+fp/hard/crtbegin.o
 *(.bss*)
 .bss.xUsartRxSemaphore
                0x20000034        0x4 ./Core/Src/freertos.o
                0x20000034                xUsartRxSemaphore
 .bss.UsartTaskHandle
                0x20000038        0x4 ./Core/Src/freertos.o
                0x20000038                UsartTaskHandle
 .bss.rx_buffer
                0x2000003c       0x21 ./Core/Src/freertos.o
                0x2000003c                rx_buffer
 *fill*         0x2000005d        0x3 
 .bss.defaultTaskHandle
                0x20000060        0x4 ./Core/Src/freertos.o
                0x20000060                defaultTaskHandle
 .bss.htim1     0x20000064       0x4c ./Core/Src/stm32l4xx_hal_timebase_tim.o
                0x20000064                htim1
 .bss.uwTick    0x200000b0        0x4 ./Drivers/STM32L4xx_HAL_Driver/Src/stm32l4xx_hal.o
                0x200000b0                uwTick
 .bss.KernelState
                0x200000b4        0x4 ./Middlewares/Third_Party/FreeRTOS/Source/CMSIS_RTOS_V2/cmsis_os2.o
 .bss.Idle_TCB.3
                0x200000b8       0x5c ./Middlewares/Third_Party/FreeRTOS/Source/CMSIS_RTOS_V2/cmsis_os2.o
 .bss.Idle_Stack.2
                0x20000114      0x200 ./Middlewares/Third_Party/FreeRTOS/Source/CMSIS_RTOS_V2/cmsis_os2.o
 .bss.Timer_TCB.1
                0x20000314       0x5c ./Middlewares/Third_Party/FreeRTOS/Source/CMSIS_RTOS_V2/cmsis_os2.o
 .bss.Timer_Stack.0
                0x20000370      0x400 ./Middlewares/Third_Party/FreeRTOS/Source/CMSIS_RTOS_V2/cmsis_os2.o
 .bss.xQueueRegistry
                0x20000770       0x40 ./Middlewares/Third_Party/FreeRTOS/Source/queue.o
                0x20000770                xQueueRegistry
 .bss.pxCurrentTCB
                0x200007b0        0x4 ./Middlewares/Third_Party/FreeRTOS/Source/tasks.o
                0x200007b0                pxCurrentTCB
 .bss.pxReadyTasksLists
                0x200007b4      0x460 ./Middlewares/Third_Party/FreeRTOS/Source/tasks.o
 .bss.xDelayedTaskList1
                0x20000c14       0x14 ./Middlewares/Third_Party/FreeRTOS/Source/tasks.o
 .bss.xDelayedTaskList2
                0x20000c28       0x14 ./Middlewares/Third_Party/FreeRTOS/Source/tasks.o
 .bss.pxDelayedTaskList
                0x20000c3c        0x4 ./Middlewares/Third_Party/FreeRTOS/Source/tasks.o
 .bss.pxOverflowDelayedTaskList
                0x20000c40        0x4 ./Middlewares/Third_Party/FreeRTOS/Source/tasks.o
 .bss.xPendingReadyList
                0x20000c44       0x14 ./Middlewares/Third_Party/FreeRTOS/Source/tasks.o
 .bss.xTasksWaitingTermination
                0x20000c58       0x14 ./Middlewares/Third_Party/FreeRTOS/Source/tasks.o
 .bss.uxDeletedTasksWaitingCleanUp
                0x20000c6c        0x4 ./Middlewares/Third_Party/FreeRTOS/Source/tasks.o
 .bss.xSuspendedTaskList
                0x20000c70       0x14 ./Middlewares/Third_Party/FreeRTOS/Source/tasks.o
 .bss.uxCurrentNumberOfTasks
                0x20000c84        0x4 ./Middlewares/Third_Party/FreeRTOS/Source/tasks.o
 .bss.xTickCount
                0x20000c88        0x4 ./Middlewares/Third_Party/FreeRTOS/Source/tasks.o
 .bss.uxTopReadyPriority
                0x20000c8c        0x4 ./Middlewares/Third_Party/FreeRTOS/Source/tasks.o
 .bss.xSchedulerRunning
                0x20000c90        0x4 ./Middlewares/Third_Party/FreeRTOS/Source/tasks.o
 .bss.xPendedTicks
                0x20000c94        0x4 ./Middlewares/Third_Party/FreeRTOS/Source/tasks.o
 .bss.xYieldPending
                0x20000c98        0x4 ./Middlewares/Third_Party/FreeRTOS/Source/tasks.o
 .bss.xNumOfOverflows
                0x20000c9c        0x4 ./Middlewares/Third_Party/FreeRTOS/Source/tasks.o
 .bss.uxTaskNumber
                0x20000ca0        0x4 ./Middlewares/Third_Party/FreeRTOS/Source/tasks.o
 .bss.xNextTaskUnblockTime
                0x20000ca4        0x4 ./Middlewares/Third_Party/FreeRTOS/Source/tasks.o
 .bss.xIdleTaskHandle
                0x20000ca8        0x4 ./Middlewares/Third_Party/FreeRTOS/Source/tasks.o
 .bss.uxSchedulerSuspended
                0x20000cac        0x4 ./Middlewares/Third_Party/FreeRTOS/Source/tasks.o
 .bss.xActiveTimerList1
                0x20000cb0       0x14 ./Middlewares/Third_Party/FreeRTOS/Source/timers.o
 .bss.xActiveTimerList2
                0x20000cc4       0x14 ./Middlewares/Third_Party/FreeRTOS/Source/timers.o
 .bss.pxCurrentTimerList
                0x20000cd8        0x4 ./Middlewares/Third_Party/FreeRTOS/Source/timers.o
 .bss.pxOverflowTimerList
                0x20000cdc        0x4 ./Middlewares/Third_Party/FreeRTOS/Source/timers.o
 .bss.xTimerQueue
                0x20000ce0        0x4 ./Middlewares/Third_Party/FreeRTOS/Source/timers.o
 .bss.xTimerTaskHandle
                0x20000ce4        0x4 ./Middlewares/Third_Party/FreeRTOS/Source/timers.o
 .bss.xLastTime.2
                0x20000ce8        0x4 ./Middlewares/Third_Party/FreeRTOS/Source/timers.o
 .bss.ucStaticTimerQueueStorage.1
                0x20000cec       0xa0 ./Middlewares/Third_Party/FreeRTOS/Source/timers.o
 .bss.xStaticTimerQueue.0
                0x20000d8c       0x50 ./Middlewares/Third_Party/FreeRTOS/Source/timers.o
 .bss.ucMaxSysCallPriority
                0x20000ddc        0x1 ./Middlewares/Third_Party/FreeRTOS/Source/portable/GCC/ARM_CM4F/port.o
 *fill*         0x20000ddd        0x3 
 .bss.ulMaxPRIGROUPValue
                0x20000de0        0x4 ./Middlewares/Third_Party/FreeRTOS/Source/portable/GCC/ARM_CM4F/port.o
 .bss.ucHeap    0x20000de4      0xbb8 ./Middlewares/Third_Party/FreeRTOS/Source/portable/MemMang/heap_4.o
 .bss.xStart    0x2000199c        0x8 ./Middlewares/Third_Party/FreeRTOS/Source/portable/MemMang/heap_4.o
 .bss.pxEnd     0x200019a4        0x4 ./Middlewares/Third_Party/FreeRTOS/Source/portable/MemMang/heap_4.o
 .bss.xFreeBytesRemaining
                0x200019a8        0x4 ./Middlewares/Third_Party/FreeRTOS/Source/portable/MemMang/heap_4.o
 .bss.xMinimumEverFreeBytesRemaining
                0x200019ac        0x4 ./Middlewares/Third_Party/FreeRTOS/Source/portable/MemMang/heap_4.o
 .bss.xNumberOfSuccessfulAllocations
                0x200019b0        0x4 ./Middlewares/Third_Party/FreeRTOS/Source/portable/MemMang/heap_4.o
 .bss.xNumberOfSuccessfulFrees
                0x200019b4        0x4 ./Middlewares/Third_Party/FreeRTOS/Source/portable/MemMang/heap_4.o
 .bss.xBlockAllocatedBit
                0x200019b8        0x4 ./Middlewares/Third_Party/FreeRTOS/Source/portable/MemMang/heap_4.o
 *(COMMON)
                0x200019bc                        . = ALIGN (0x4)
                0x200019bc                        _ebss = .
                0x200019bc                        __bss_end__ = _ebss

._user_heap_stack
                0x200019bc      0x604 load address 0x080056a0
                0x200019c0                        . = ALIGN (0x8)
 *fill*         0x200019bc        0x4 
                [!provide]                        PROVIDE (end = .)
                0x200019c0                        PROVIDE (_end = .)
                0x20001bc0                        . = (. + _Min_Heap_Size)
 *fill*         0x200019c0      0x200 
                0x20001fc0                        . = (. + _Min_Stack_Size)
 *fill*         0x20001bc0      0x400 
                0x20001fc0                        . = ALIGN (0x8)

/DISCARD/
 libc.a(*)
 libm.a(*)
 libgcc.a(*)

.ARM.attributes
                0x00000000       0x30
 *(.ARM.attributes)
 .ARM.attributes
                0x00000000       0x22 D:/STM32CubeIDE_1.17.0/STM32CubeIDE/plugins/com.st.stm32cube.ide.mcu.externaltools.gnu-tools-for-stm32.13.3.rel1.win32_1.0.0.202411081344/tools/bin/../lib/gcc/arm-none-eabi/13.3.1/thumb/v7e-m+fp/hard/crti.o
 .ARM.attributes
                0x00000022       0x34 D:/STM32CubeIDE_1.17.0/STM32CubeIDE/plugins/com.st.stm32cube.ide.mcu.externaltools.gnu-tools-for-stm32.13.3.rel1.win32_1.0.0.202411081344/tools/bin/../lib/gcc/arm-none-eabi/13.3.1/thumb/v7e-m+fp/hard/crtbegin.o
 .ARM.attributes
                0x00000056       0x34 ./Core/Src/freertos.o
 .ARM.attributes
                0x0000008a       0x34 ./Core/Src/gpio.o
 .ARM.attributes
                0x000000be       0x34 ./Core/Src/main.o
 .ARM.attributes
                0x000000f2       0x34 ./Core/Src/stm32l4xx_hal_msp.o
 .ARM.attributes
                0x00000126       0x34 ./Core/Src/stm32l4xx_hal_timebase_tim.o
 .ARM.attributes
                0x0000015a       0x34 ./Core/Src/stm32l4xx_it.o
 .ARM.attributes
                0x0000018e       0x34 ./Core/Src/system_stm32l4xx.o
 .ARM.attributes
                0x000001c2       0x34 ./Core/Src/usart.o
 .ARM.attributes
                0x000001f6       0x21 ./Core/Startup/startup_stm32l496rgtx.o
 .ARM.attributes
                0x00000217       0x34 ./Drivers/STM32L4xx_HAL_Driver/Src/stm32l4xx_hal.o
 .ARM.attributes
                0x0000024b       0x34 ./Drivers/STM32L4xx_HAL_Driver/Src/stm32l4xx_hal_cortex.o
 .ARM.attributes
                0x0000027f       0x34 ./Drivers/STM32L4xx_HAL_Driver/Src/stm32l4xx_hal_rcc.o
 .ARM.attributes
                0x000002b3       0x34 ./Drivers/STM32L4xx_HAL_Driver/Src/stm32l4xx_hal_tim.o
 .ARM.attributes
                0x000002e7       0x34 ./Drivers/STM32L4xx_HAL_Driver/Src/stm32l4xx_hal_tim_ex.o
 .ARM.attributes
                0x0000031b       0x34 ./Drivers/STM32L4xx_HAL_Driver/Src/stm32l4xx_ll_gpio.o
 .ARM.attributes
                0x0000034f       0x34 ./Drivers/STM32L4xx_HAL_Driver/Src/stm32l4xx_ll_rcc.o
 .ARM.attributes
                0x00000383       0x34 ./Drivers/STM32L4xx_HAL_Driver/Src/stm32l4xx_ll_usart.o
 .ARM.attributes
                0x000003b7       0x34 ./Drivers/STM32L4xx_HAL_Driver/Src/stm32l4xx_ll_utils.o
 .ARM.attributes
                0x000003eb       0x34 ./Middlewares/Third_Party/FreeRTOS/Source/CMSIS_RTOS_V2/cmsis_os2.o
 .ARM.attributes
                0x0000041f       0x34 ./Middlewares/Third_Party/FreeRTOS/Source/list.o
 .ARM.attributes
                0x00000453       0x34 ./Middlewares/Third_Party/FreeRTOS/Source/queue.o
 .ARM.attributes
                0x00000487       0x34 ./Middlewares/Third_Party/FreeRTOS/Source/tasks.o
 .ARM.attributes
                0x000004bb       0x34 ./Middlewares/Third_Party/FreeRTOS/Source/timers.o
 .ARM.attributes
                0x000004ef       0x34 ./Middlewares/Third_Party/FreeRTOS/Source/portable/GCC/ARM_CM4F/port.o
 .ARM.attributes
                0x00000523       0x34 ./Middlewares/Third_Party/FreeRTOS/Source/portable/MemMang/heap_4.o
 .ARM.attributes
                0x00000557       0x34 D:/STM32CubeIDE_1.17.0/STM32CubeIDE/plugins/com.st.stm32cube.ide.mcu.externaltools.gnu-tools-for-stm32.13.3.rel1.win32_1.0.0.202411081344/tools/bin/../lib/gcc/arm-none-eabi/13.3.1/../../../../arm-none-eabi/lib/thumb/v7e-m+fp/hard\libc_nano.a(libc_a-memset.o)
 .ARM.attributes
                0x0000058b       0x34 D:/STM32CubeIDE_1.17.0/STM32CubeIDE/plugins/com.st.stm32cube.ide.mcu.externaltools.gnu-tools-for-stm32.13.3.rel1.win32_1.0.0.202411081344/tools/bin/../lib/gcc/arm-none-eabi/13.3.1/../../../../arm-none-eabi/lib/thumb/v7e-m+fp/hard\libc_nano.a(libc_a-init.o)
 .ARM.attributes
                0x000005bf       0x20 D:/STM32CubeIDE_1.17.0/STM32CubeIDE/plugins/com.st.stm32cube.ide.mcu.externaltools.gnu-tools-for-stm32.13.3.rel1.win32_1.0.0.202411081344/tools/bin/../lib/gcc/arm-none-eabi/13.3.1/../../../../arm-none-eabi/lib/thumb/v7e-m+fp/hard\libc_nano.a(libc_a-strcmp.o)
 .ARM.attributes
                0x000005df       0x34 D:/STM32CubeIDE_1.17.0/STM32CubeIDE/plugins/com.st.stm32cube.ide.mcu.externaltools.gnu-tools-for-stm32.13.3.rel1.win32_1.0.0.202411081344/tools/bin/../lib/gcc/arm-none-eabi/13.3.1/../../../../arm-none-eabi/lib/thumb/v7e-m+fp/hard\libc_nano.a(libc_a-memcpy-stub.o)
 .ARM.attributes
                0x00000613       0x22 D:/STM32CubeIDE_1.17.0/STM32CubeIDE/plugins/com.st.stm32cube.ide.mcu.externaltools.gnu-tools-for-stm32.13.3.rel1.win32_1.0.0.202411081344/tools/bin/../lib/gcc/arm-none-eabi/13.3.1/thumb/v7e-m+fp/hard/crtn.o
OUTPUT(Athena_Lab4_Interrupt.elf elf32-littlearm)
LOAD linker stubs
LOAD D:/STM32CubeIDE_1.17.0/STM32CubeIDE/plugins/com.st.stm32cube.ide.mcu.externaltools.gnu-tools-for-stm32.13.3.rel1.win32_1.0.0.202411081344/tools/bin/../lib/gcc/arm-none-eabi/13.3.1/../../../../arm-none-eabi/lib/thumb/v7e-m+fp/hard\libc.a
LOAD D:/STM32CubeIDE_1.17.0/STM32CubeIDE/plugins/com.st.stm32cube.ide.mcu.externaltools.gnu-tools-for-stm32.13.3.rel1.win32_1.0.0.202411081344/tools/bin/../lib/gcc/arm-none-eabi/13.3.1/../../../../arm-none-eabi/lib/thumb/v7e-m+fp/hard\libm.a
LOAD D:/STM32CubeIDE_1.17.0/STM32CubeIDE/plugins/com.st.stm32cube.ide.mcu.externaltools.gnu-tools-for-stm32.13.3.rel1.win32_1.0.0.202411081344/tools/bin/../lib/gcc/arm-none-eabi/13.3.1/thumb/v7e-m+fp/hard\libgcc.a

.debug_info     0x00000000    0x17708
 .debug_info    0x00000000      0x6f1 ./Core/Src/freertos.o
 .debug_info    0x000006f1      0x4a6 ./Core/Src/gpio.o
 .debug_info    0x00000b97      0xeb0 ./Core/Src/main.o
 .debug_info    0x00001a47      0x5a3 ./Core/Src/stm32l4xx_hal_msp.o
 .debug_info    0x00001fea      0xcc3 ./Core/Src/stm32l4xx_hal_timebase_tim.o
 .debug_info    0x00002cad      0xa05 ./Core/Src/stm32l4xx_it.o
 .debug_info    0x000036b2      0x5cd ./Core/Src/system_stm32l4xx.o
 .debug_info    0x00003c7f      0xef9 ./Core/Src/usart.o
 .debug_info    0x00004b78       0x30 ./Core/Startup/startup_stm32l496rgtx.o
 .debug_info    0x00004ba8      0xb4b ./Drivers/STM32L4xx_HAL_Driver/Src/stm32l4xx_hal.o
 .debug_info    0x000056f3      0xdb7 ./Drivers/STM32L4xx_HAL_Driver/Src/stm32l4xx_hal_cortex.o
 .debug_info    0x000064aa      0xc3b ./Drivers/STM32L4xx_HAL_Driver/Src/stm32l4xx_hal_rcc.o
 .debug_info    0x000070e5     0x2a9a ./Drivers/STM32L4xx_HAL_Driver/Src/stm32l4xx_hal_tim.o
 .debug_info    0x00009b7f     0x169e ./Drivers/STM32L4xx_HAL_Driver/Src/stm32l4xx_hal_tim_ex.o
 .debug_info    0x0000b21d      0x95e ./Drivers/STM32L4xx_HAL_Driver/Src/stm32l4xx_ll_gpio.o
 .debug_info    0x0000bb7b      0xe74 ./Drivers/STM32L4xx_HAL_Driver/Src/stm32l4xx_ll_rcc.o
 .debug_info    0x0000c9ef      0x7a6 ./Drivers/STM32L4xx_HAL_Driver/Src/stm32l4xx_ll_usart.o
 .debug_info    0x0000d195      0xc7d ./Drivers/STM32L4xx_HAL_Driver/Src/stm32l4xx_ll_utils.o
 .debug_info    0x0000de12     0x3aa7 ./Middlewares/Third_Party/FreeRTOS/Source/CMSIS_RTOS_V2/cmsis_os2.o
 .debug_info    0x000118b9      0x2af ./Middlewares/Third_Party/FreeRTOS/Source/list.o
 .debug_info    0x00011b68     0x1b79 ./Middlewares/Third_Party/FreeRTOS/Source/queue.o
 .debug_info    0x000136e1     0x21ec ./Middlewares/Third_Party/FreeRTOS/Source/tasks.o
 .debug_info    0x000158cd     0x1488 ./Middlewares/Third_Party/FreeRTOS/Source/timers.o
 .debug_info    0x00016d55      0x4de ./Middlewares/Third_Party/FreeRTOS/Source/portable/GCC/ARM_CM4F/port.o
 .debug_info    0x00017233      0x4d5 ./Middlewares/Third_Party/FreeRTOS/Source/portable/MemMang/heap_4.o

.debug_abbrev   0x00000000     0x3a6e
 .debug_abbrev  0x00000000      0x237 ./Core/Src/freertos.o
 .debug_abbrev  0x00000237      0x198 ./Core/Src/gpio.o
 .debug_abbrev  0x000003cf      0x2ac ./Core/Src/main.o
 .debug_abbrev  0x0000067b      0x11e ./Core/Src/stm32l4xx_hal_msp.o
 .debug_abbrev  0x00000799      0x1f4 ./Core/Src/stm32l4xx_hal_timebase_tim.o
 .debug_abbrev  0x0000098d      0x24d ./Core/Src/stm32l4xx_it.o
 .debug_abbrev  0x00000bda      0x11a ./Core/Src/system_stm32l4xx.o
 .debug_abbrev  0x00000cf4      0x295 ./Core/Src/usart.o
 .debug_abbrev  0x00000f89       0x24 ./Core/Startup/startup_stm32l496rgtx.o
 .debug_abbrev  0x00000fad      0x242 ./Drivers/STM32L4xx_HAL_Driver/Src/stm32l4xx_hal.o
 .debug_abbrev  0x000011ef      0x31c ./Drivers/STM32L4xx_HAL_Driver/Src/stm32l4xx_hal_cortex.o
 .debug_abbrev  0x0000150b      0x2cb ./Drivers/STM32L4xx_HAL_Driver/Src/stm32l4xx_hal_rcc.o
 .debug_abbrev  0x000017d6      0x278 ./Drivers/STM32L4xx_HAL_Driver/Src/stm32l4xx_hal_tim.o
 .debug_abbrev  0x00001a4e      0x283 ./Drivers/STM32L4xx_HAL_Driver/Src/stm32l4xx_hal_tim_ex.o
 .debug_abbrev  0x00001cd1      0x235 ./Drivers/STM32L4xx_HAL_Driver/Src/stm32l4xx_ll_gpio.o
 .debug_abbrev  0x00001f06      0x221 ./Drivers/STM32L4xx_HAL_Driver/Src/stm32l4xx_ll_rcc.o
 .debug_abbrev  0x00002127      0x1cc ./Drivers/STM32L4xx_HAL_Driver/Src/stm32l4xx_ll_usart.o
 .debug_abbrev  0x000022f3      0x25f ./Drivers/STM32L4xx_HAL_Driver/Src/stm32l4xx_ll_utils.o
 .debug_abbrev  0x00002552      0x520 ./Middlewares/Third_Party/FreeRTOS/Source/CMSIS_RTOS_V2/cmsis_os2.o
 .debug_abbrev  0x00002a72       0xf5 ./Middlewares/Third_Party/FreeRTOS/Source/list.o
 .debug_abbrev  0x00002b67      0x3b6 ./Middlewares/Third_Party/FreeRTOS/Source/queue.o
 .debug_abbrev  0x00002f1d      0x386 ./Middlewares/Third_Party/FreeRTOS/Source/tasks.o
 .debug_abbrev  0x000032a3      0x352 ./Middlewares/Third_Party/FreeRTOS/Source/timers.o
 .debug_abbrev  0x000035f5      0x25c ./Middlewares/Third_Party/FreeRTOS/Source/portable/GCC/ARM_CM4F/port.o
 .debug_abbrev  0x00003851      0x21d ./Middlewares/Third_Party/FreeRTOS/Source/portable/MemMang/heap_4.o

.debug_aranges  0x00000000     0x17e0
 .debug_aranges
                0x00000000       0x40 ./Core/Src/freertos.o
 .debug_aranges
                0x00000040       0x30 ./Core/Src/gpio.o
 .debug_aranges
                0x00000070       0xb0 ./Core/Src/main.o
 .debug_aranges
                0x00000120       0x20 ./Core/Src/stm32l4xx_hal_msp.o
 .debug_aranges
                0x00000140       0x30 ./Core/Src/stm32l4xx_hal_timebase_tim.o
 .debug_aranges
                0x00000170       0x88 ./Core/Src/stm32l4xx_it.o
 .debug_aranges
                0x000001f8       0x28 ./Core/Src/system_stm32l4xx.o
 .debug_aranges
                0x00000220       0x78 ./Core/Src/usart.o
 .debug_aranges
                0x00000298       0x28 ./Core/Startup/startup_stm32l496rgtx.o
 .debug_aranges
                0x000002c0      0x130 ./Drivers/STM32L4xx_HAL_Driver/Src/stm32l4xx_hal.o
 .debug_aranges
                0x000003f0      0x128 ./Drivers/STM32L4xx_HAL_Driver/Src/stm32l4xx_hal_cortex.o
 .debug_aranges
                0x00000518       0x90 ./Drivers/STM32L4xx_HAL_Driver/Src/stm32l4xx_hal_rcc.o
 .debug_aranges
                0x000005a8      0x3e0 ./Drivers/STM32L4xx_HAL_Driver/Src/stm32l4xx_hal_tim.o
 .debug_aranges
                0x00000988      0x180 ./Drivers/STM32L4xx_HAL_Driver/Src/stm32l4xx_hal_tim_ex.o
 .debug_aranges
                0x00000b08       0x70 ./Drivers/STM32L4xx_HAL_Driver/Src/stm32l4xx_ll_gpio.o
 .debug_aranges
                0x00000b78      0x290 ./Drivers/STM32L4xx_HAL_Driver/Src/stm32l4xx_ll_rcc.o
 .debug_aranges
                0x00000e08       0x88 ./Drivers/STM32L4xx_HAL_Driver/Src/stm32l4xx_ll_usart.o
 .debug_aranges
                0x00000e90      0x138 ./Drivers/STM32L4xx_HAL_Driver/Src/stm32l4xx_ll_utils.o
 .debug_aranges
                0x00000fc8      0x2b0 ./Middlewares/Third_Party/FreeRTOS/Source/CMSIS_RTOS_V2/cmsis_os2.o
 .debug_aranges
                0x00001278       0x40 ./Middlewares/Third_Party/FreeRTOS/Source/list.o
 .debug_aranges
                0x000012b8      0x158 ./Middlewares/Third_Party/FreeRTOS/Source/queue.o
 .debug_aranges
                0x00001410      0x208 ./Middlewares/Third_Party/FreeRTOS/Source/tasks.o
 .debug_aranges
                0x00001618       0xf0 ./Middlewares/Third_Party/FreeRTOS/Source/timers.o
 .debug_aranges
                0x00001708       0x80 ./Middlewares/Third_Party/FreeRTOS/Source/portable/GCC/ARM_CM4F/port.o
 .debug_aranges
                0x00001788       0x58 ./Middlewares/Third_Party/FreeRTOS/Source/portable/MemMang/heap_4.o

.debug_rnglists
                0x00000000     0x1244
 .debug_rnglists
                0x00000000       0x2c ./Core/Src/freertos.o
 .debug_rnglists
                0x0000002c       0x1f ./Core/Src/gpio.o
 .debug_rnglists
                0x0000004b       0x80 ./Core/Src/main.o
 .debug_rnglists
                0x000000cb       0x13 ./Core/Src/stm32l4xx_hal_msp.o
 .debug_rnglists
                0x000000de       0x20 ./Core/Src/stm32l4xx_hal_timebase_tim.o
 .debug_rnglists
                0x000000fe       0x62 ./Core/Src/stm32l4xx_it.o
 .debug_rnglists
                0x00000160       0x1a ./Core/Src/system_stm32l4xx.o
 .debug_rnglists
                0x0000017a       0x56 ./Core/Src/usart.o
 .debug_rnglists
                0x000001d0       0x19 ./Core/Startup/startup_stm32l496rgtx.o
 .debug_rnglists
                0x000001e9       0xdf ./Drivers/STM32L4xx_HAL_Driver/Src/stm32l4xx_hal.o
 .debug_rnglists
                0x000002c8       0xda ./Drivers/STM32L4xx_HAL_Driver/Src/stm32l4xx_hal_cortex.o
 .debug_rnglists
                0x000003a2       0x6d ./Drivers/STM32L4xx_HAL_Driver/Src/stm32l4xx_hal_rcc.o
 .debug_rnglists
                0x0000040f      0x328 ./Drivers/STM32L4xx_HAL_Driver/Src/stm32l4xx_hal_tim.o
 .debug_rnglists
                0x00000737      0x139 ./Drivers/STM32L4xx_HAL_Driver/Src/stm32l4xx_hal_tim_ex.o
 .debug_rnglists
                0x00000870       0x51 ./Drivers/STM32L4xx_HAL_Driver/Src/stm32l4xx_ll_gpio.o
 .debug_rnglists
                0x000008c1      0x1fb ./Drivers/STM32L4xx_HAL_Driver/Src/stm32l4xx_ll_rcc.o
 .debug_rnglists
                0x00000abc       0x63 ./Drivers/STM32L4xx_HAL_Driver/Src/stm32l4xx_ll_usart.o
 .debug_rnglists
                0x00000b1f       0xe8 ./Drivers/STM32L4xx_HAL_Driver/Src/stm32l4xx_ll_utils.o
 .debug_rnglists
                0x00000c07      0x212 ./Middlewares/Third_Party/FreeRTOS/Source/CMSIS_RTOS_V2/cmsis_os2.o
 .debug_rnglists
                0x00000e19       0x2b ./Middlewares/Third_Party/FreeRTOS/Source/list.o
 .debug_rnglists
                0x00000e44      0x109 ./Middlewares/Third_Party/FreeRTOS/Source/queue.o
 .debug_rnglists
                0x00000f4d      0x1a0 ./Middlewares/Third_Party/FreeRTOS/Source/tasks.o
 .debug_rnglists
                0x000010ed       0xb8 ./Middlewares/Third_Party/FreeRTOS/Source/timers.o
 .debug_rnglists
                0x000011a5       0x5d ./Middlewares/Third_Party/FreeRTOS/Source/portable/GCC/ARM_CM4F/port.o
 .debug_rnglists
                0x00001202       0x42 ./Middlewares/Third_Party/FreeRTOS/Source/portable/MemMang/heap_4.o

.debug_macro    0x00000000    0x2df78
 .debug_macro   0x00000000      0x393 ./Core/Src/freertos.o
 .debug_macro   0x00000393      0xade ./Core/Src/freertos.o
 .debug_macro   0x00000e71      0x190 ./Core/Src/freertos.o
 .debug_macro   0x00001001       0x22 ./Core/Src/freertos.o
 .debug_macro   0x00001023       0x8e ./Core/Src/freertos.o
 .debug_macro   0x000010b1       0x51 ./Core/Src/freertos.o
 .debug_macro   0x00001102      0x103 ./Core/Src/freertos.o
 .debug_macro   0x00001205       0x6a ./Core/Src/freertos.o
 .debug_macro   0x0000126f      0x1df ./Core/Src/freertos.o
 .debug_macro   0x0000144e      0x169 ./Core/Src/freertos.o
 .debug_macro   0x000015b7      0x15a ./Core/Src/freertos.o
 .debug_macro   0x00001711       0xc9 ./Core/Src/freertos.o
 .debug_macro   0x000017da       0x1c ./Core/Src/freertos.o
 .debug_macro   0x000017f6       0x26 ./Core/Src/freertos.o
 .debug_macro   0x0000181c      0x4c5 ./Core/Src/freertos.o
 .debug_macro   0x00001ce1       0xb5 ./Core/Src/freertos.o
 .debug_macro   0x00001d96       0xaa ./Core/Src/freertos.o
 .debug_macro   0x00001e40      0x1a1 ./Core/Src/freertos.o
 .debug_macro   0x00001fe1       0x2e ./Core/Src/freertos.o
 .debug_macro   0x0000200f       0x28 ./Core/Src/freertos.o
 .debug_macro   0x00002037       0x1c ./Core/Src/freertos.o
 .debug_macro   0x00002053       0x22 ./Core/Src/freertos.o
 .debug_macro   0x00002075       0xfb ./Core/Src/freertos.o
 .debug_macro   0x00002170     0x1011 ./Core/Src/freertos.o
 .debug_macro   0x00003181      0x11f ./Core/Src/freertos.o
 .debug_macro   0x000032a0    0x1c1e2 ./Core/Src/freertos.o
 .debug_macro   0x0001f482       0x6d ./Core/Src/freertos.o
 .debug_macro   0x0001f4ef     0x38fb ./Core/Src/freertos.o
 .debug_macro   0x00022dea       0x5c ./Core/Src/freertos.o
 .debug_macro   0x00022e46     0x187d ./Core/Src/freertos.o
 .debug_macro   0x000246c3      0x773 ./Core/Src/freertos.o
 .debug_macro   0x00024e36      0x1b9 ./Core/Src/freertos.o
 .debug_macro   0x00024fef      0x202 ./Core/Src/freertos.o
 .debug_macro   0x000251f1      0x26b ./Core/Src/freertos.o
 .debug_macro   0x0002545c      0x23d ./Core/Src/freertos.o
 .debug_macro   0x00025699      0x241 ./Core/Src/freertos.o
 .debug_macro   0x000258da      0x3ad ./Core/Src/freertos.o
 .debug_macro   0x00025c87       0xe4 ./Core/Src/freertos.o
 .debug_macro   0x00025d6b      0x122 ./Core/Src/freertos.o
 .debug_macro   0x00025e8d      0x3ef ./Core/Src/freertos.o
 .debug_macro   0x0002627c      0xa98 ./Core/Src/freertos.o
 .debug_macro   0x00026d14      0x1fb ./Core/Src/freertos.o
 .debug_macro   0x00026f0f      0x433 ./Core/Src/freertos.o
 .debug_macro   0x00027342       0xd0 ./Core/Src/freertos.o
 .debug_macro   0x00027412      0x98c ./Core/Src/freertos.o
 .debug_macro   0x00027d9e      0x1ed ./Core/Src/freertos.o
 .debug_macro   0x00027f8b      0x3f7 ./Core/Src/freertos.o
 .debug_macro   0x00028382      0x16a ./Core/Src/freertos.o
 .debug_macro   0x000284ec      0x1a6 ./Core/Src/freertos.o
 .debug_macro   0x00028692       0xa7 ./Core/Src/freertos.o
 .debug_macro   0x00028739      0x20e ./Core/Src/freertos.o
 .debug_macro   0x00028947      0x2cb ./Core/Src/freertos.o
 .debug_macro   0x00028c12      0x30c ./Core/Src/freertos.o
 .debug_macro   0x00028f1e      0x169 ./Core/Src/freertos.o
 .debug_macro   0x00029087       0x6c ./Core/Src/freertos.o
 .debug_macro   0x000290f3       0x74 ./Core/Src/freertos.o
 .debug_macro   0x00029167       0xdd ./Core/Src/freertos.o
 .debug_macro   0x00029244       0x61 ./Core/Src/freertos.o
 .debug_macro   0x000292a5       0x2a ./Core/Src/freertos.o
 .debug_macro   0x000292cf       0x43 ./Core/Src/freertos.o
 .debug_macro   0x00029312       0x34 ./Core/Src/freertos.o
 .debug_macro   0x00029346      0x370 ./Core/Src/freertos.o
 .debug_macro   0x000296b6       0x16 ./Core/Src/freertos.o
 .debug_macro   0x000296cc       0x4a ./Core/Src/freertos.o
 .debug_macro   0x00029716       0x34 ./Core/Src/freertos.o
 .debug_macro   0x0002974a       0x10 ./Core/Src/freertos.o
 .debug_macro   0x0002975a       0x58 ./Core/Src/freertos.o
 .debug_macro   0x000297b2       0x8e ./Core/Src/freertos.o
 .debug_macro   0x00029840       0x1c ./Core/Src/freertos.o
 .debug_macro   0x0002985c      0x185 ./Core/Src/freertos.o
 .debug_macro   0x000299e1       0x10 ./Core/Src/freertos.o
 .debug_macro   0x000299f1       0x3c ./Core/Src/freertos.o
 .debug_macro   0x00029a2d       0x20 ./Core/Src/freertos.o
 .debug_macro   0x00029a4d       0x87 ./Core/Src/freertos.o
 .debug_macro   0x00029ad4       0x9a ./Core/Src/freertos.o
 .debug_macro   0x00029b6e      0x223 ./Core/Src/gpio.o
 .debug_macro   0x00029d91      0x2c1 ./Core/Src/main.o
 .debug_macro   0x0002a052      0x169 ./Core/Src/main.o
 .debug_macro   0x0002a1bb       0x66 ./Core/Src/main.o
 .debug_macro   0x0002a221      0x219 ./Core/Src/stm32l4xx_hal_msp.o
 .debug_macro   0x0002a43a      0x1ac ./Core/Src/stm32l4xx_hal_timebase_tim.o
 .debug_macro   0x0002a5e6      0x37b ./Core/Src/stm32l4xx_it.o
 .debug_macro   0x0002a961      0x1ac ./Core/Src/system_stm32l4xx.o
 .debug_macro   0x0002ab0d      0x223 ./Core/Src/usart.o
 .debug_macro   0x0002ad30      0x1fa ./Drivers/STM32L4xx_HAL_Driver/Src/stm32l4xx_hal.o
 .debug_macro   0x0002af2a      0x1ac ./Drivers/STM32L4xx_HAL_Driver/Src/stm32l4xx_hal_cortex.o
 .debug_macro   0x0002b0d6      0x1ee ./Drivers/STM32L4xx_HAL_Driver/Src/stm32l4xx_hal_rcc.o
 .debug_macro   0x0002b2c4      0x1ad ./Drivers/STM32L4xx_HAL_Driver/Src/stm32l4xx_hal_tim.o
 .debug_macro   0x0002b471      0x1ac ./Drivers/STM32L4xx_HAL_Driver/Src/stm32l4xx_hal_tim_ex.o
 .debug_macro   0x0002b61d      0x1ee ./Drivers/STM32L4xx_HAL_Driver/Src/stm32l4xx_ll_gpio.o
 .debug_macro   0x0002b80b      0x163 ./Drivers/STM32L4xx_HAL_Driver/Src/stm32l4xx_ll_gpio.o
 .debug_macro   0x0002b96e      0x209 ./Drivers/STM32L4xx_HAL_Driver/Src/stm32l4xx_ll_rcc.o
 .debug_macro   0x0002bb77      0x986 ./Drivers/STM32L4xx_HAL_Driver/Src/stm32l4xx_ll_rcc.o
 .debug_macro   0x0002c4fd      0x221 ./Drivers/STM32L4xx_HAL_Driver/Src/stm32l4xx_ll_usart.o
 .debug_macro   0x0002c71e      0x306 ./Drivers/STM32L4xx_HAL_Driver/Src/stm32l4xx_ll_usart.o
 .debug_macro   0x0002ca24      0x27c ./Drivers/STM32L4xx_HAL_Driver/Src/stm32l4xx_ll_utils.o
 .debug_macro   0x0002cca0       0xa1 ./Drivers/STM32L4xx_HAL_Driver/Src/stm32l4xx_ll_utils.o
 .debug_macro   0x0002cd41      0x3a3 ./Middlewares/Third_Party/FreeRTOS/Source/CMSIS_RTOS_V2/cmsis_os2.o
 .debug_macro   0x0002d0e4       0x10 ./Middlewares/Third_Party/FreeRTOS/Source/CMSIS_RTOS_V2/cmsis_os2.o
 .debug_macro   0x0002d0f4       0xf5 ./Middlewares/Third_Party/FreeRTOS/Source/CMSIS_RTOS_V2/cmsis_os2.o
 .debug_macro   0x0002d1e9       0x91 ./Middlewares/Third_Party/FreeRTOS/Source/CMSIS_RTOS_V2/cmsis_os2.o
 .debug_macro   0x0002d27a       0x8d ./Middlewares/Third_Party/FreeRTOS/Source/CMSIS_RTOS_V2/cmsis_os2.o
 .debug_macro   0x0002d307       0x22 ./Middlewares/Third_Party/FreeRTOS/Source/CMSIS_RTOS_V2/cmsis_os2.o
 .debug_macro   0x0002d329       0x56 ./Middlewares/Third_Party/FreeRTOS/Source/CMSIS_RTOS_V2/cmsis_os2.o
 .debug_macro   0x0002d37f      0x187 ./Middlewares/Third_Party/FreeRTOS/Source/list.o
 .debug_macro   0x0002d506      0x216 ./Middlewares/Third_Party/FreeRTOS/Source/queue.o
 .debug_macro   0x0002d71c       0x16 ./Middlewares/Third_Party/FreeRTOS/Source/queue.o
 .debug_macro   0x0002d732      0x27f ./Middlewares/Third_Party/FreeRTOS/Source/tasks.o
 .debug_macro   0x0002d9b1       0x10 ./Middlewares/Third_Party/FreeRTOS/Source/tasks.o
 .debug_macro   0x0002d9c1      0x1dc ./Middlewares/Third_Party/FreeRTOS/Source/timers.o
 .debug_macro   0x0002db9d       0x97 ./Middlewares/Third_Party/FreeRTOS/Source/timers.o
 .debug_macro   0x0002dc34      0x196 ./Middlewares/Third_Party/FreeRTOS/Source/portable/GCC/ARM_CM4F/port.o
 .debug_macro   0x0002ddca      0x1ae ./Middlewares/Third_Party/FreeRTOS/Source/portable/MemMang/heap_4.o

.debug_line     0x00000000    0x19042
 .debug_line    0x00000000      0xbde ./Core/Src/freertos.o
 .debug_line    0x00000bde      0x857 ./Core/Src/gpio.o
 .debug_line    0x00001435      0xbfa ./Core/Src/main.o
 .debug_line    0x0000202f      0x807 ./Core/Src/stm32l4xx_hal_msp.o
 .debug_line    0x00002836      0x773 ./Core/Src/stm32l4xx_hal_timebase_tim.o
 .debug_line    0x00002fa9      0xc41 ./Core/Src/stm32l4xx_it.o
 .debug_line    0x00003bea      0x7a6 ./Core/Src/system_stm32l4xx.o
 .debug_line    0x00004390      0xa4a ./Core/Src/usart.o
 .debug_line    0x00004dda       0x7a ./Core/Startup/startup_stm32l496rgtx.o
 .debug_line    0x00004e54      0xb0e ./Drivers/STM32L4xx_HAL_Driver/Src/stm32l4xx_hal.o
 .debug_line    0x00005962      0xca9 ./Drivers/STM32L4xx_HAL_Driver/Src/stm32l4xx_hal_cortex.o
 .debug_line    0x0000660b     0x10bb ./Drivers/STM32L4xx_HAL_Driver/Src/stm32l4xx_hal_rcc.o
 .debug_line    0x000076c6     0x3dfa ./Drivers/STM32L4xx_HAL_Driver/Src/stm32l4xx_hal_tim.o
 .debug_line    0x0000b4c0     0x1b4b ./Drivers/STM32L4xx_HAL_Driver/Src/stm32l4xx_hal_tim_ex.o
 .debug_line    0x0000d00b      0xab3 ./Drivers/STM32L4xx_HAL_Driver/Src/stm32l4xx_ll_gpio.o
 .debug_line    0x0000dabe     0x1f3f ./Drivers/STM32L4xx_HAL_Driver/Src/stm32l4xx_ll_rcc.o
 .debug_line    0x0000f9fd      0x98d ./Drivers/STM32L4xx_HAL_Driver/Src/stm32l4xx_ll_usart.o
 .debug_line    0x0001038a      0xdae ./Drivers/STM32L4xx_HAL_Driver/Src/stm32l4xx_ll_utils.o
 .debug_line    0x00011138     0x24d8 ./Middlewares/Third_Party/FreeRTOS/Source/CMSIS_RTOS_V2/cmsis_os2.o
 .debug_line    0x00013610      0x77d ./Middlewares/Third_Party/FreeRTOS/Source/list.o
 .debug_line    0x00013d8d     0x16ee ./Middlewares/Third_Party/FreeRTOS/Source/queue.o
 .debug_line    0x0001547b     0x1c71 ./Middlewares/Third_Party/FreeRTOS/Source/tasks.o
 .debug_line    0x000170ec      0xdbd ./Middlewares/Third_Party/FreeRTOS/Source/timers.o
 .debug_line    0x00017ea9      0x805 ./Middlewares/Third_Party/FreeRTOS/Source/portable/GCC/ARM_CM4F/port.o
 .debug_line    0x000186ae      0x994 ./Middlewares/Third_Party/FreeRTOS/Source/portable/MemMang/heap_4.o

.debug_str      0x00000000   0x114738
 .debug_str     0x00000000   0x114738 ./Core/Src/freertos.o
                             0x10b265 (size before relaxing)
 .debug_str     0x00114738   0x102136 ./Core/Src/gpio.o
 .debug_str     0x00114738   0x10728d ./Core/Src/main.o
 .debug_str     0x00114738   0x1025bd ./Core/Src/stm32l4xx_hal_msp.o
 .debug_str     0x00114738    0xf4a74 ./Core/Src/stm32l4xx_hal_timebase_tim.o
 .debug_str     0x00114738   0x10a748 ./Core/Src/stm32l4xx_it.o
 .debug_str     0x00114738    0xf3f65 ./Core/Src/system_stm32l4xx.o
 .debug_str     0x00114738   0x10293b ./Core/Src/usart.o
 .debug_str     0x00114738       0x80 ./Core/Startup/startup_stm32l496rgtx.o
 .debug_str     0x00114738    0xf4b6d ./Drivers/STM32L4xx_HAL_Driver/Src/stm32l4xx_hal.o
 .debug_str     0x00114738    0xf4840 ./Drivers/STM32L4xx_HAL_Driver/Src/stm32l4xx_hal_cortex.o
 .debug_str     0x00114738    0xf45b2 ./Drivers/STM32L4xx_HAL_Driver/Src/stm32l4xx_hal_rcc.o
 .debug_str     0x00114738    0xf5298 ./Drivers/STM32L4xx_HAL_Driver/Src/stm32l4xx_hal_tim.o
 .debug_str     0x00114738    0xf4bac ./Drivers/STM32L4xx_HAL_Driver/Src/stm32l4xx_hal_tim_ex.o
 .debug_str     0x00114738    0xf5a42 ./Drivers/STM32L4xx_HAL_Driver/Src/stm32l4xx_ll_gpio.o
 .debug_str     0x00114738    0xfabbc ./Drivers/STM32L4xx_HAL_Driver/Src/stm32l4xx_ll_rcc.o
 .debug_str     0x00114738    0xfc43e ./Drivers/STM32L4xx_HAL_Driver/Src/stm32l4xx_ll_usart.o
 .debug_str     0x00114738    0xfd8a9 ./Drivers/STM32L4xx_HAL_Driver/Src/stm32l4xx_ll_utils.o
 .debug_str     0x00114738    0xfec14 ./Middlewares/Third_Party/FreeRTOS/Source/CMSIS_RTOS_V2/cmsis_os2.o
 .debug_str     0x00114738     0xac26 ./Middlewares/Third_Party/FreeRTOS/Source/list.o
 .debug_str     0x00114738     0xc766 ./Middlewares/Third_Party/FreeRTOS/Source/queue.o
 .debug_str     0x00114738     0xd223 ./Middlewares/Third_Party/FreeRTOS/Source/tasks.o
 .debug_str     0x00114738     0xcc98 ./Middlewares/Third_Party/FreeRTOS/Source/timers.o
 .debug_str     0x00114738     0x87cc ./Middlewares/Third_Party/FreeRTOS/Source/portable/GCC/ARM_CM4F/port.o
 .debug_str     0x00114738     0xb568 ./Middlewares/Third_Party/FreeRTOS/Source/portable/MemMang/heap_4.o

.comment        0x00000000       0x43
 .comment       0x00000000       0x43 ./Core/Src/freertos.o
                                 0x44 (size before relaxing)
 .comment       0x00000043       0x44 ./Core/Src/gpio.o
 .comment       0x00000043       0x44 ./Core/Src/main.o
 .comment       0x00000043       0x44 ./Core/Src/stm32l4xx_hal_msp.o
 .comment       0x00000043       0x44 ./Core/Src/stm32l4xx_hal_timebase_tim.o
 .comment       0x00000043       0x44 ./Core/Src/stm32l4xx_it.o
 .comment       0x00000043       0x44 ./Core/Src/system_stm32l4xx.o
 .comment       0x00000043       0x44 ./Core/Src/usart.o
 .comment       0x00000043       0x44 ./Drivers/STM32L4xx_HAL_Driver/Src/stm32l4xx_hal.o
 .comment       0x00000043       0x44 ./Drivers/STM32L4xx_HAL_Driver/Src/stm32l4xx_hal_cortex.o
 .comment       0x00000043       0x44 ./Drivers/STM32L4xx_HAL_Driver/Src/stm32l4xx_hal_rcc.o
 .comment       0x00000043       0x44 ./Drivers/STM32L4xx_HAL_Driver/Src/stm32l4xx_hal_tim.o
 .comment       0x00000043       0x44 ./Drivers/STM32L4xx_HAL_Driver/Src/stm32l4xx_hal_tim_ex.o
 .comment       0x00000043       0x44 ./Drivers/STM32L4xx_HAL_Driver/Src/stm32l4xx_ll_gpio.o
 .comment       0x00000043       0x44 ./Drivers/STM32L4xx_HAL_Driver/Src/stm32l4xx_ll_rcc.o
 .comment       0x00000043       0x44 ./Drivers/STM32L4xx_HAL_Driver/Src/stm32l4xx_ll_usart.o
 .comment       0x00000043       0x44 ./Drivers/STM32L4xx_HAL_Driver/Src/stm32l4xx_ll_utils.o
 .comment       0x00000043       0x44 ./Middlewares/Third_Party/FreeRTOS/Source/CMSIS_RTOS_V2/cmsis_os2.o
 .comment       0x00000043       0x44 ./Middlewares/Third_Party/FreeRTOS/Source/list.o
 .comment       0x00000043       0x44 ./Middlewares/Third_Party/FreeRTOS/Source/queue.o
 .comment       0x00000043       0x44 ./Middlewares/Third_Party/FreeRTOS/Source/tasks.o
 .comment       0x00000043       0x44 ./Middlewares/Third_Party/FreeRTOS/Source/timers.o
 .comment       0x00000043       0x44 ./Middlewares/Third_Party/FreeRTOS/Source/portable/GCC/ARM_CM4F/port.o
 .comment       0x00000043       0x44 ./Middlewares/Third_Party/FreeRTOS/Source/portable/MemMang/heap_4.o

.debug_frame    0x00000000     0x63dc
 .debug_frame   0x00000000       0xb8 ./Core/Src/freertos.o
 .debug_frame   0x000000b8       0x84 ./Core/Src/gpio.o
 .debug_frame   0x0000013c      0x29c ./Core/Src/main.o
 .debug_frame   0x000003d8       0x34 ./Core/Src/stm32l4xx_hal_msp.o
 .debug_frame   0x0000040c       0x74 ./Core/Src/stm32l4xx_hal_timebase_tim.o
 .debug_frame   0x00000480      0x1d8 ./Core/Src/stm32l4xx_it.o
 .debug_frame   0x00000658       0x58 ./Core/Src/system_stm32l4xx.o
 .debug_frame   0x000006b0      0x1e4 ./Core/Src/usart.o
 .debug_frame   0x00000894      0x498 ./Drivers/STM32L4xx_HAL_Driver/Src/stm32l4xx_hal.o
 .debug_frame   0x00000d2c      0x4e8 ./Drivers/STM32L4xx_HAL_Driver/Src/stm32l4xx_hal_cortex.o
 .debug_frame   0x00001214      0x21c ./Drivers/STM32L4xx_HAL_Driver/Src/stm32l4xx_hal_rcc.o
 .debug_frame   0x00001430     0x121c ./Drivers/STM32L4xx_HAL_Driver/Src/stm32l4xx_hal_tim.o
 .debug_frame   0x0000264c      0x6b0 ./Drivers/STM32L4xx_HAL_Driver/Src/stm32l4xx_hal_tim_ex.o
 .debug_frame   0x00002cfc      0x1c0 ./Drivers/STM32L4xx_HAL_Driver/Src/stm32l4xx_ll_gpio.o
 .debug_frame   0x00002ebc      0xaf0 ./Drivers/STM32L4xx_HAL_Driver/Src/stm32l4xx_ll_rcc.o
 .debug_frame   0x000039ac      0x234 ./Drivers/STM32L4xx_HAL_Driver/Src/stm32l4xx_ll_usart.o
 .debug_frame   0x00003be0      0x4fc ./Drivers/STM32L4xx_HAL_Driver/Src/stm32l4xx_ll_utils.o
 .debug_frame   0x000040dc      0xbe4 ./Middlewares/Third_Party/FreeRTOS/Source/CMSIS_RTOS_V2/cmsis_os2.o
 .debug_frame   0x00004cc0       0xd8 ./Middlewares/Third_Party/FreeRTOS/Source/list.o
 .debug_frame   0x00004d98      0x5ec ./Middlewares/Third_Party/FreeRTOS/Source/queue.o
 .debug_frame   0x00005384      0x8f0 ./Middlewares/Third_Party/FreeRTOS/Source/tasks.o
 .debug_frame   0x00005c74      0x400 ./Middlewares/Third_Party/FreeRTOS/Source/timers.o
 .debug_frame   0x00006074      0x1a8 ./Middlewares/Third_Party/FreeRTOS/Source/portable/GCC/ARM_CM4F/port.o
 .debug_frame   0x0000621c      0x12c ./Middlewares/Third_Party/FreeRTOS/Source/portable/MemMang/heap_4.o
 .debug_frame   0x00006348       0x20 D:/STM32CubeIDE_1.17.0/STM32CubeIDE/plugins/com.st.stm32cube.ide.mcu.externaltools.gnu-tools-for-stm32.13.3.rel1.win32_1.0.0.202411081344/tools/bin/../lib/gcc/arm-none-eabi/13.3.1/../../../../arm-none-eabi/lib/thumb/v7e-m+fp/hard\libc_nano.a(libc_a-memset.o)
 .debug_frame   0x00006368       0x2c D:/STM32CubeIDE_1.17.0/STM32CubeIDE/plugins/com.st.stm32cube.ide.mcu.externaltools.gnu-tools-for-stm32.13.3.rel1.win32_1.0.0.202411081344/tools/bin/../lib/gcc/arm-none-eabi/13.3.1/../../../../arm-none-eabi/lib/thumb/v7e-m+fp/hard\libc_nano.a(libc_a-init.o)
 .debug_frame   0x00006394       0x20 D:/STM32CubeIDE_1.17.0/STM32CubeIDE/plugins/com.st.stm32cube.ide.mcu.externaltools.gnu-tools-for-stm32.13.3.rel1.win32_1.0.0.202411081344/tools/bin/../lib/gcc/arm-none-eabi/13.3.1/../../../../arm-none-eabi/lib/thumb/v7e-m+fp/hard\libc_nano.a(libc_a-strcmp.o)
 .debug_frame   0x000063b4       0x28 D:/STM32CubeIDE_1.17.0/STM32CubeIDE/plugins/com.st.stm32cube.ide.mcu.externaltools.gnu-tools-for-stm32.13.3.rel1.win32_1.0.0.202411081344/tools/bin/../lib/gcc/arm-none-eabi/13.3.1/../../../../arm-none-eabi/lib/thumb/v7e-m+fp/hard\libc_nano.a(libc_a-memcpy-stub.o)

.debug_line_str
                0x00000000       0x64
 .debug_line_str
                0x00000000       0x64 ./Core/Startup/startup_stm32l496rgtx.o
